Mar 24 13:33:43 inadyn[7082]: Update forced for alias titi20008gua.asuscomm.com, new IP# 192.168.1.11<2408:8207:19ae:f350:264b:feff:fed4:a58>
Mar 24 13:33:44 inadyn[7082]: Failed resolving hostname ns1.asuscomm.com: Temporary failure in name resolution
Mar 24 13:33:44 inadyn[7082]: Will retry again ...
Mar 24 13:33:44 inadyn[7082]: Will retry again, rc=12
Mar 24 13:33:44 inadyn[7082]: Error code 12: Temporary network error (DNS)
Mar 24 13:34:13 watchdog: start ddns.
Mar 24 13:34:13 ddns: update WWW.ASUS.COM updatev2@asus.com, wan_unit 0
Mar 24 13:34:13 ddns: Clear ddns cache.
Mar 24 13:34:13 ddns: Start Inadyn(6).
Mar 24 13:34:13 inadyn[7154]: In-a-dyn version 2.10.0 -- Dynamic DNS update client.
Mar 24 13:34:13 inadyn[7154]: Failed resolving hostname titi20008gua.asuscomm.com: Temporary failure in name resolution
Mar 24 13:34:13 inadyn[7154]: Update forced for alias titi20008gua.asuscomm.com, new IP# 192.168.1.11<2408:8207:19ae:f350:264b:feff:fed4:a58>
Mar 24 13:34:14 inadyn[7154]: Failed resolving hostname ns1.asuscomm.com: Temporary failure in name resolution
Mar 24 13:34:14 inadyn[7154]: Will retry again ...
Mar 24 13:34:14 inadyn[7154]: Will retry again, rc=12
Mar 24 13:34:14 inadyn[7154]: Error code 12: Temporary network error (DNS)
Mar 24 13:34:43 watchdog: start ddns.
Mar 24 13:34:43 ddns: update WWW.ASUS.COM updatev2@asus.com, wan_unit 0
Mar 24 13:34:43 ddns: Clear ddns cache.
Mar 24 13:34:43 ddns: Start Inadyn(5).
Mar 24 13:34:43 inadyn[7251]: In-a-dyn version 2.10.0 -- Dynamic DNS update client.
Mar 24 13:34:43 inadyn[7251]: Failed resolving hostname titi20008gua.asuscomm.com: Temporary failure in name resolution
Mar 24 13:34:43 inadyn[7251]: Update forced for alias titi20008gua.asuscomm.com, new IP# 192.168.1.11<2408:8207:19ae:f350:264b:feff:fed4:a58>
Mar 24 13:34:44 inadyn[7251]: Failed resolving hostname ns1.asuscomm.com: Temporary failure in name resolution
Mar 24 13:34:44 inadyn[7251]: Will retry again ...
Mar 24 13:34:44 inadyn[7251]: Will retry again, rc=12
Mar 24 13:34:44 inadyn[7251]: Error code 12: Temporary network error (DNS)
Mar 24 13:35:00 rc_service: service 7280:notify_rc restart_letsencrypt
Mar 24 13:35:00 Let's_Encrypt: Err, DDNS update failed.
Mar 24 13:35:13 watchdog: start ddns.
Mar 24 13:35:13 ddns: update WWW.ASUS.COM updatev2@asus.com, wan_unit 0
Mar 24 13:35:13 ddns: Clear ddns cache.
Mar 24 13:35:13 ddns: Start Inadyn(4).
Mar 24 13:35:13 inadyn[7338]: In-a-dyn version 2.10.0 -- Dynamic DNS update client.
Mar 24 13:35:13 inadyn[7338]: Failed resolving hostname titi20008gua.asuscomm.com: Temporary failure in name resolution
Mar 24 13:35:13 inadyn[7338]: Update forced for alias titi20008gua.asuscomm.com, new IP# 192.168.1.11<2408:8207:19ae:f350:264b:feff:fed4:a58>
Mar 24 13:35:14 inadyn[7338]: Failed resolving hostname ns1.asuscomm.com: Temporary failure in name resolution
Mar 24 13:35:14 inadyn[7338]: Will retry again ...
Mar 24 13:35:14 inadyn[7338]: Will retry again, rc=12
Mar 24 13:35:14 inadyn[7338]: Error code 12: Temporary network error (DNS)
Mar 24 13:35:42 bsd: bsd: Sending act Frame to dc:b5:4f:ad:d6:57 with transition target eth6 ssid 24:4b:fe:d4:0a:58
Mar 24 13:35:42 wlceventd: wlceventd_proc_event(685): eth6: Auth DC:B5:4F:AD:D6:57, status: Successful (0), rssi:0
Mar 24 13:35:42 kernel: br0: received packet on eth6.0 with own address as source address
Mar 24 13:35:42 kernel: br0: received packet on eth6.0 with own address as source address
Mar 24 13:35:42 wlceventd: wlceventd_proc_event(695): eth6: ReAssoc DC:B5:4F:AD:D6:57, status: Successful (0), rssi:-70
Mar 24 13:35:43 bsd: bsd: STA:dc:b5:4f:ad:d6:57 no response
Mar 24 13:35:43 bsd: bsd: Sending act Frame to dc:b5:4f:ad:d6:57 with transition target eth6 ssid 24:4b:fe:d4:0a:58
Mar 24 13:35:43 watchdog: start ddns.
Mar 24 13:35:43 ddns: update WWW.ASUS.COM updatev2@asus.com, wan_unit 0
Mar 24 13:35:43 ddns: Clear ddns cache.
Mar 24 13:35:43 ddns: Start Inadyn(3).
Mar 24 13:35:43 inadyn[7436]: In-a-dyn version 2.10.0 -- Dynamic DNS update client.
Mar 24 13:35:43 inadyn[7436]: Failed resolving hostname titi20008gua.asuscomm.com: Temporary failure in name resolution
Mar 24 13:35:43 inadyn[7436]: Update forced for alias titi20008gua.asuscomm.com, new IP# 192.168.1.11<2408:8207:19ae:f350:264b:feff:fed4:a58>
Mar 24 13:35:44 inadyn[7436]: Failed resolving hostname ns1.asuscomm.com: Temporary failure in name resolution
Mar 24 13:35:44 inadyn[7436]: Will retry again ...
Mar 24 13:35:44 inadyn[7436]: Will retry again, rc=12
Mar 24 13:35:44 inadyn[7436]: Error code 12: Temporary network error (DNS)
Mar 24 13:35:44 bsd: bsd: STA:dc:b5:4f:ad:d6:57 no response
Mar 24 13:35:48 wlceventd: wlceventd_proc_event(645): eth7: Deauth_ind DC:B5:4F:AD:D6:57, status: 0, reason: Previous authentication no longer valid (2), rssi:-84
Mar 24 13:35:48 wlceventd: wlceventd_proc_event(645): eth7: Deauth_ind DC:B5:4F:AD:D6:57, status: 0, reason: Disassociated due to inactivity (4), rssi:-84
Mar 24 13:35:48 wlceventd: wlceventd_proc_event(645): eth7: Deauth_ind DC:B5:4F:AD:D6:57, status: 0, reason: Previous authentication no longer valid (2), rssi:-84
Mar 24 13:35:49 wlceventd: wlceventd_proc_event(662): eth7: Disassoc DC:B5:4F:AD:D6:57, status: 0, reason: Disassociated because sending station is leaving (or has left) BSS (8), rssi:0
Mar 24 13:36:13 watchdog: start ddns.
Mar 24 13:36:13 ddns: update WWW.ASUS.COM updatev2@asus.com, wan_unit 0
Mar 24 13:36:13 ddns: Clear ddns cache.
Mar 24 13:36:13 ddns: Start Inadyn(2).
Mar 24 13:36:13 inadyn[7512]: In-a-dyn version 2.10.0 -- Dynamic DNS update client.
Mar 24 13:36:13 inadyn[7512]: Failed resolving hostname titi20008gua.asuscomm.com: Temporary failure in name resolution
Mar 24 13:36:13 inadyn[7512]: Update forced for alias titi20008gua.asuscomm.com, new IP# 192.168.1.11<2408:8207:19ae:f350:264b:feff:fed4:a58>
Mar 24 13:36:14 inadyn[7512]: Failed resolving hostname ns1.asuscomm.com: Temporary failure in name resolution
Mar 24 13:36:14 inadyn[7512]: Will retry again ...
Mar 24 13:36:14 inadyn[7512]: Will retry again, rc=12
Mar 24 13:36:14 inadyn[7512]: Error code 12: Temporary network error (DNS)
Mar 24 13:36:43 watchdog: start ddns.
Mar 24 13:36:43 ddns: update WWW.ASUS.COM updatev2@asus.com, wan_unit 0
Mar 24 13:36:43 ddns: Clear ddns cache.
Mar 24 13:36:43 ddns: Start Inadyn(1).
Mar 24 13:36:43 inadyn[7607]: In-a-dyn version 2.10.0 -- Dynamic DNS update client.
Mar 24 13:36:43 inadyn[7607]: Failed resolving hostname titi20008gua.asuscomm.com: Temporary failure in name resolution
Mar 24 13:36:43 inadyn[7607]: Update forced for alias titi20008gua.asuscomm.com, new IP# 192.168.1.11<2408:8207:19ae:f350:264b:feff:fed4:a58>
Mar 24 13:36:44 inadyn[7607]: Failed resolving hostname ns1.asuscomm.com: Temporary failure in name resolution
Mar 24 13:36:44 inadyn[7607]: Will retry again ...
Mar 24 13:36:44 inadyn[7607]: Will retry again, rc=12
Mar 24 13:36:44 inadyn[7607]: Error code 12: Temporary network error (DNS)
Mar 24 13:37:13 watchdog: DDNS Retry reach MAX.(0), DDNS Recover Time set 43
Mar 24 13:37:14 bsd: bsd: Sending act Frame to dc:b5:4f:ad:d6:57 with transition target eth7 ssid 24:4b:fe:d4:0a:5c
Mar 24 13:37:14 bsd: bsd: BSS Transit Response: ifname=eth6, event=156, token=3, status=6, mac=34:10:24:4b:fe:d4
Mar 24 13:37:14 bsd: bsd: BSS Transit Response: STA reject
Mar 24 13:37:14 bsd: bsd: Skip STA:dc:b5:4f:ad:d6:57 reject BSSID
Mar 24 13:37:42 wlceventd: wlceventd_proc_event(685): eth7: Auth DC:B5:4F:AD:D6:57, status: Successful (0), rssi:0
Mar 24 13:37:42 wlceventd: wlceventd_proc_event(695): eth7: ReAssoc DC:B5:4F:AD:D6:57, status: Successful (0), rssi:-50
Mar 24 13:37:42 kernel: wl0: random key value: 923A2A8F157B034072DD014CA94A7D44F2F945AB710803F9A9F067E5140569D9
Mar 24 13:37:42 wlceventd: wlceventd_proc_event(662): eth6: Disassoc DC:B5:4F:AD:D6:57, status: 0, reason: Disassociated because sending station is leaving (or has left) BSS (8), rssi:0
Mar 24 13:37:42 wlceventd: wlceventd_proc_event(662): eth6: Disassoc DC:B5:4F:AD:D6:57, status: 0, reason: Disassociated because sending station is leaving (or has left) BSS (8), rssi:0
Mar 24 13:39:24 kernel: 44:85:00:AC:50:3A not mesh client, can't delete it
Mar 24 13:40:00 rc_service: service 8116:notify_rc restart_letsencrypt
Mar 24 13:40:00 Let's_Encrypt: Err, DDNS update failed.
Mar 24 13:45:00 rc_service: service 8862:notify_rc restart_letsencrypt
Mar 24 13:45:00 Let's_Encrypt: Err, DDNS update failed.
Mar 24 13:45:36 kernel: FC:7C:02:29:37:ED not mesh client, can't update it's ip
Mar 24 13:47:28 kernel: FC:7C:02:29:37:ED not mesh client, can't update it's ip
Mar 24 13:50:00 rc_service: service 9626:notify_rc restart_letsencrypt
Mar 24 13:50:00 Let's_Encrypt: Err, DDNS update failed.
Mar 24 13:55:00 rc_service: service 10375:notify_rc restart_letsencrypt
Mar 24 13:55:00 Let's_Encrypt: Err, DDNS update failed.
Mar 24 14:00:00 rc_service: service 11123:notify_rc restart_letsencrypt
Mar 24 14:00:00 Let's_Encrypt: Err, DDNS update failed.
Mar 24 14:05:00 rc_service: service 11888:notify_rc restart_letsencrypt
Mar 24 14:05:00 Let's_Encrypt: Err, DDNS update failed.
Mar 24 14:10:00 rc_service: service 12638:notify_rc restart_letsencrypt
Mar 24 14:10:00 Let's_Encrypt: Err, DDNS update failed.
Mar 24 14:15:00 rc_service: service 13400:notify_rc restart_letsencrypt
Mar 24 14:15:00 Let's_Encrypt: Err, DDNS update failed.
Mar 24 14:20:00 rc_service: service 14152:notify_rc restart_letsencrypt
Mar 24 14:20:00 Let's_Encrypt: Err, DDNS update failed.
Mar 24 14:20:13 watchdog: DDNS Recover Time reached, recover DDNS Retry.
Mar 24 14:20:13 watchdog: start ddns.
Mar 24 14:20:13 ddns: update WWW.ASUS.COM updatev2@asus.com, wan_unit 0
Mar 24 14:20:13 ddns: Clear ddns cache.
Mar 24 14:20:13 ddns: Start Inadyn(10).
Mar 24 14:20:13 inadyn[14208]: In-a-dyn version 2.10.0 -- Dynamic DNS update client.
Mar 24 14:20:14 inadyn[14208]: Failed resolving hostname titi20008gua.asuscomm.com: Temporary failure in name resolution
Mar 24 14:20:14 inadyn[14208]: Update forced for alias titi20008gua.asuscomm.com, new IP# 192.168.1.11<2408:8207:19ae:f350:264b:feff:fed4:a58>
Mar 24 14:20:14 inadyn[14208]: Failed resolving hostname ns1.asuscomm.com: Temporary failure in name resolution
Mar 24 14:20:14 inadyn[14208]: Will retry again ...
Mar 24 14:20:14 inadyn[14208]: Will retry again, rc=12
Mar 24 14:20:14 inadyn[14208]: Error code 12: Temporary network error (DNS)
Mar 24 14:20:43 watchdog: start ddns.
Mar 24 14:20:43 ddns: update WWW.ASUS.COM updatev2@asus.com, wan_unit 0
Mar 24 14:20:43 ddns: Clear ddns cache.
Mar 24 14:20:43 ddns: Start Inadyn(9).
Mar 24 14:20:43 inadyn[14312]: In-a-dyn version 2.10.0 -- Dynamic DNS update client.
Mar 24 14:20:43 inadyn[14312]: Failed resolving hostname titi20008gua.asuscomm.com: Temporary failure in name resolution
Mar 24 14:20:43 inadyn[14312]: Update forced for alias titi20008gua.asuscomm.com, new IP# 192.168.1.11<2408:8207:19ae:f350:264b:feff:fed4:a58>
Mar 24 14:20:44 inadyn[14312]: Failed resolving hostname ns1.asuscomm.com: Temporary failure in name resolution
Mar 24 14:20:44 inadyn[14312]: Will retry again ...
Mar 24 14:20:44 inadyn[14312]: Will retry again, rc=12
Mar 24 14:20:44 inadyn[14312]: Error code 12: Temporary network error (DNS)
Mar 24 14:21:13 watchdog: start ddns.
Mar 24 14:21:13 ddns: update WWW.ASUS.COM updatev2@asus.com, wan_unit 0
Mar 24 14:21:13 ddns: Clear ddns cache.
Mar 24 14:21:13 ddns: Start Inadyn(8).
Mar 24 14:21:13 inadyn[14369]: In-a-dyn version 2.10.0 -- Dynamic DNS update client.
Mar 24 14:21:13 inadyn[14369]: Failed resolving hostname titi20008gua.asuscomm.com: Temporary failure in name resolution
Mar 24 14:21:13 inadyn[14369]: Update forced for alias titi20008gua.asuscomm.com, new IP# 192.168.1.11<2408:8207:19ae:f350:264b:feff:fed4:a58>
Mar 24 14:21:14 inadyn[14369]: Failed resolving hostname ns1.asuscomm.com: Temporary failure in name resolution
Mar 24 14:21:14 inadyn[14369]: Will retry again ...
Mar 24 14:21:14 inadyn[14369]: Will retry again, rc=12
Mar 24 14:21:14 inadyn[14369]: Error code 12: Temporary network error (DNS)
Mar 24 14:21:43 watchdog: start ddns.
Mar 24 14:21:43 ddns: update WWW.ASUS.COM updatev2@asus.com, wan_unit 0
Mar 24 14:21:43 ddns: Clear ddns cache.
Mar 24 14:21:43 ddns: Start Inadyn(7).
Mar 24 14:21:43 inadyn[14465]: In-a-dyn version 2.10.0 -- Dynamic DNS update client.
Mar 24 14:21:43 inadyn[14465]: Failed resolving hostname titi20008gua.asuscomm.com: Temporary failure in name resolution
Mar 24 14:21:43 inadyn[14465]: Update forced for alias titi20008gua.asuscomm.com, new IP# 192.168.1.11<2408:8207:19ae:f350:264b:feff:fed4:a58>
Mar 24 14:21:44 inadyn[14465]: Failed resolving hostname ns1.asuscomm.com: Temporary failure in name resolution
Mar 24 14:21:44 inadyn[14465]: Will retry again ...
Mar 24 14:21:44 inadyn[14465]: Will retry again, rc=12
Mar 24 14:21:44 inadyn[14465]: Error code 12: Temporary network error (DNS)
Mar 24 14:22:13 watchdog: start ddns.
Mar 24 14:22:13 ddns: update WWW.ASUS.COM updatev2@asus.com, wan_unit 0
Mar 24 14:22:13 ddns: Clear ddns cache.
Mar 24 14:22:13 ddns: Start Inadyn(6).
Mar 24 14:22:13 inadyn[14522]: In-a-dyn version 2.10.0 -- Dynamic DNS update client.
Mar 24 14:22:13 inadyn[14522]: Failed resolving hostname titi20008gua.asuscomm.com: Temporary failure in name resolution
Mar 24 14:22:13 inadyn[14522]: Update forced for alias titi20008gua.asuscomm.com, new IP# 192.168.1.11<2408:8207:19ae:f350:264b:feff:fed4:a58>
Mar 24 14:22:14 inadyn[14522]: Failed resolving hostname ns1.asuscomm.com: Temporary failure in name resolution
Mar 24 14:22:14 inadyn[14522]: Will retry again ...
Mar 24 14:22:14 inadyn[14522]: Will retry again, rc=12
Mar 24 14:22:14 inadyn[14522]: Error code 12: Temporary network error (DNS)
Mar 24 14:22:43 watchdog: start ddns.
Mar 24 14:22:43 ddns: update WWW.ASUS.COM updatev2@asus.com, wan_unit 0
Mar 24 14:22:43 ddns: Clear ddns cache.
Mar 24 14:22:43 ddns: Start Inadyn(5).
Mar 24 14:22:43 inadyn[14684]: In-a-dyn version 2.10.0 -- Dynamic DNS update client.
Mar 24 14:22:43 inadyn[14684]: Failed resolving hostname titi20008gua.asuscomm.com: Temporary failure in name resolution
Mar 24 14:22:43 inadyn[14684]: Update forced for alias titi20008gua.asuscomm.com, new IP# 192.168.1.11<2408:8207:19ae:f350:264b:feff:fed4:a58>
Mar 24 14:22:44 inadyn[14684]: Failed resolving hostname ns1.asuscomm.com: Temporary failure in name resolution
Mar 24 14:22:44 inadyn[14684]: Will retry again ...
Mar 24 14:22:44 inadyn[14684]: Will retry again, rc=12
Mar 24 14:22:44 inadyn[14684]: Error code 12: Temporary network error (DNS)
Mar 24 14:23:13 watchdog: start ddns.
Mar 24 14:23:13 ddns: update WWW.ASUS.COM updatev2@asus.com, wan_unit 0
Mar 24 14:23:13 ddns: Clear ddns cache.
Mar 24 14:23:13 ddns: Start Inadyn(4).
Mar 24 14:23:13 inadyn[14742]: In-a-dyn version 2.10.0 -- Dynamic DNS update client.
Mar 24 14:23:13 inadyn[14742]: Failed resolving hostname titi20008gua.asuscomm.com: Temporary failure in name resolution
Mar 24 14:23:13 inadyn[14742]: Update forced for alias titi20008gua.asuscomm.com, new IP# 192.168.1.11<2408:8207:19ae:f350:264b:feff:fed4:a58>
Mar 24 14:23:14 inadyn[14742]: Failed resolving hostname ns1.asuscomm.com: Temporary failure in name resolution
Mar 24 14:23:14 inadyn[14742]: Will retry again ...
Mar 24 14:23:14 inadyn[14742]: Will retry again, rc=12
Mar 24 14:23:14 inadyn[14742]: Error code 12: Temporary network error (DNS)
Mar 24 14:23:43 watchdog: start ddns.
Mar 24 14:23:43 ddns: update WWW.ASUS.COM updatev2@asus.com, wan_unit 0
Mar 24 14:23:43 ddns: Clear ddns cache.
Mar 24 14:23:43 ddns: Start Inadyn(3).
Mar 24 14:23:43 inadyn[14836]: In-a-dyn version 2.10.0 -- Dynamic DNS update client.
Mar 24 14:23:43 inadyn[14836]: Failed resolving hostname titi20008gua.asuscomm.com: Temporary failure in name resolution
Mar 24 14:23:43 inadyn[14836]: Update forced for alias titi20008gua.asuscomm.com, new IP# 192.168.1.11<2408:8207:19ae:f350:264b:feff:fed4:a58>
Mar 24 14:23:44 inadyn[14836]: Failed resolving hostname ns1.asuscomm.com: Temporary failure in name resolution
Mar 24 14:23:44 inadyn[14836]: Will retry again ...
Mar 24 14:23:44 inadyn[14836]: Will retry again, rc=12
Mar 24 14:23:44 inadyn[14836]: Error code 12: Temporary network error (DNS)
Mar 24 14:24:13 watchdog: start ddns.
Mar 24 14:24:13 ddns: update WWW.ASUS.COM updatev2@asus.com, wan_unit 0
Mar 24 14:24:13 ddns: Clear ddns cache.
Mar 24 14:24:13 ddns: Start Inadyn(2).
Mar 24 14:24:13 inadyn[14894]: In-a-dyn version 2.10.0 -- Dynamic DNS update client.
Mar 24 14:24:13 inadyn[14894]: Failed resolving hostname titi20008gua.asuscomm.com: Temporary failure in name resolution
Mar 24 14:24:13 inadyn[14894]: Update forced for alias titi20008gua.asuscomm.com, new IP# 192.168.1.11<2408:8207:19ae:f350:264b:feff:fed4:a58>
Mar 24 14:24:14 inadyn[14894]: Failed resolving hostname ns1.asuscomm.com: Temporary failure in name resolution
Mar 24 14:24:14 inadyn[14894]: Will retry again ...
Mar 24 14:24:14 inadyn[14894]: Will retry again, rc=12
Mar 24 14:24:14 inadyn[14894]: Error code 12: Temporary network error (DNS)
Mar 24 14:24:43 watchdog: start ddns.
Mar 24 14:24:43 ddns: update WWW.ASUS.COM updatev2@asus.com, wan_unit 0
Mar 24 14:24:43 ddns: Clear ddns cache.
Mar 24 14:24:43 ddns: Start Inadyn(1).
Mar 24 14:24:43 inadyn[14998]: In-a-dyn version 2.10.0 -- Dynamic DNS update client.
Mar 24 14:24:43 inadyn[14998]: Failed resolving hostname titi20008gua.asuscomm.com: Temporary failure in name resolution
Mar 24 14:24:43 inadyn[14998]: Update forced for alias titi20008gua.asuscomm.com, new IP# 192.168.1.11<2408:8207:19ae:f350:264b:feff:fed4:a58>
Mar 24 14:24:44 inadyn[14998]: Failed resolving hostname ns1.asuscomm.com: Temporary failure in name resolution
Mar 24 14:24:44 inadyn[14998]: Will retry again ...
Mar 24 14:24:44 inadyn[14998]: Will retry again, rc=12
Mar 24 14:24:44 inadyn[14998]: Error code 12: Temporary network error (DNS)
Mar 24 14:25:00 rc_service: service 15025:notify_rc restart_letsencrypt
Mar 24 14:25:00 Let's_Encrypt: Err, DDNS update failed.
Mar 24 14:25:13 watchdog: DDNS Retry reach MAX.(0), DDNS Recover Time set 47
Mar 24 14:30:00 rc_service: service 15783:notify_rc restart_letsencrypt
Mar 24 14:30:00 Let's_Encrypt: Err, DDNS update failed.
Mar 24 14:35:00 rc_service: service 16548:notify_rc restart_letsencrypt
Mar 24 14:35:00 Let's_Encrypt: Err, DDNS update failed.
Mar 24 14:40:00 rc_service: service 17294:notify_rc restart_letsencrypt
Mar 24 14:40:00 Let's_Encrypt: Err, DDNS update failed.
Mar 24 14:45:00 rc_service: service 18059:notify_rc restart_letsencrypt
Mar 24 14:45:00 Let's_Encrypt: Err, DDNS update failed.
Mar 24 14:48:06 kernel: 44:85:00:AC:50:3A not mesh client, can't update it's ip
Mar 24 14:48:51 wlceventd: wlceventd_proc_event(662): eth7: Disassoc DC:B5:4F:AD:D6:57, status: 0, reason: Disassociated because sending station is leaving (or has left) BSS (8), rssi:0
Mar 24 14:48:51 wlceventd: wlceventd_proc_event(662): eth7: Disassoc DC:B5:4F:AD:D6:57, status: 0, reason: Disassociated because sending station is leaving (or has left) BSS (8), rssi:0
Mar 24 14:48:52 roamast: [EXAP]Deauth old sta in 1 0: DC:B5:4F:AD:D6:57
Mar 24 14:48:52 roamast: eth7: disconnect weak signal strength station [dc:b5:4f:ad:d6:57]
Mar 24 14:48:52 roamast: eth7: remove client [dc:b5:4f:ad:d6:57] from monitor list
Mar 24 14:50:00 rc_service: service 18826:notify_rc restart_letsencrypt
Mar 24 14:50:00 Let's_Encrypt: Err, DDNS update failed.
Mar 24 14:55:00 rc_service: service 19579:notify_rc restart_letsencrypt
Mar 24 14:55:00 Let's_Encrypt: Err, DDNS update failed.
Mar 24 15:00:00 rc_service: service 20334:notify_rc restart_letsencrypt
Mar 24 15:00:00 Let's_Encrypt: Err, DDNS update failed.
Mar 24 15:05:00 rc_service: service 21098:notify_rc restart_letsencrypt
Mar 24 15:05:00 Let's_Encrypt: Err, DDNS update failed.
Mar 24 15:10:00 rc_service: service 21854:notify_rc restart_letsencrypt
Mar 24 15:10:00 Let's_Encrypt: Err, DDNS update failed.
Mar 24 15:12:13 watchdog: DDNS Recover Time reached, recover DDNS Retry.
Mar 24 15:12:13 watchdog: start ddns.
Mar 24 15:12:13 ddns: update WWW.ASUS.COM updatev2@asus.com, wan_unit 0
Mar 24 15:12:13 ddns: Clear ddns cache.
Mar 24 15:12:13 ddns: Start Inadyn(10).
Mar 24 15:12:13 inadyn[22178]: In-a-dyn version 2.10.0 -- Dynamic DNS update client.
Mar 24 15:12:13 inadyn[22178]: Failed resolving hostname titi20008gua.asuscomm.com: Temporary failure in name resolution
Mar 24 15:12:13 inadyn[22178]: Update forced for alias titi20008gua.asuscomm.com, new IP# 192.168.1.11<2408:8207:19ae:f350:264b:feff:fed4:a58>
Mar 24 15:12:14 inadyn[22178]: Failed resolving hostname ns1.asuscomm.com: Temporary failure in name resolution
Mar 24 15:12:14 inadyn[22178]: Will retry again ...
Mar 24 15:12:14 inadyn[22178]: Will retry again, rc=12
Mar 24 15:12:14 inadyn[22178]: Error code 12: Temporary network error (DNS)
Mar 24 15:12:43 watchdog: start ddns.
Mar 24 15:12:43 ddns: update WWW.ASUS.COM updatev2@asus.com, wan_unit 0
Mar 24 15:12:43 ddns: Clear ddns cache.
Mar 24 15:12:43 ddns: Start Inadyn(9).
Mar 24 15:12:43 inadyn[22345]: In-a-dyn version 2.10.0 -- Dynamic DNS update client.
Mar 24 15:12:43 inadyn[22345]: Failed resolving hostname titi20008gua.asuscomm.com: Temporary failure in name resolution
Mar 24 15:12:43 inadyn[22345]: Update forced for alias titi20008gua.asuscomm.com, new IP# 192.168.1.11<2408:8207:19ae:f350:264b:feff:fed4:a58>
Mar 24 15:12:44 inadyn[22345]: Failed resolving hostname ns1.asuscomm.com: Temporary failure in name resolution
Mar 24 15:12:44 inadyn[22345]: Will retry again ...
Mar 24 15:12:44 inadyn[22345]: Will retry again, rc=12
Mar 24 15:12:44 inadyn[22345]: Error code 12: Temporary network error (DNS)
Mar 24 15:13:09 rc_service: httpd 1767:notify_rc restart_time;restart_leds;restart_usb_idle;restart_firewall;
Mar 24 15:13:09 ntpd: Stopped ntpd
Mar 24 15:13:10 kernel: klogd started: BusyBox v1.25.1 (2024-02-26 21:43:31 EST)
Mar 24 15:13:10 hour_monitor: daemon is starting
Mar 24 15:13:10 hour_monitor: daemon terminates
Mar 24 15:13:10 custom_script: Found nat-start, but custom script execution is disabled!
Mar 24 15:13:10 miniupnpd[4531]: shutting down MiniUPnPd
Mar 24 15:13:13 watchdog: start ddns.
Mar 24 15:13:13 ddns: update WWW.ASUS.COM updatev2@asus.com, wan_unit 0
Mar 24 15:13:13 ddns: Clear ddns cache.
Mar 24 15:13:13 ddns: Start Inadyn(8).
Mar 24 15:13:13 inadyn[22462]: In-a-dyn version 2.10.0 -- Dynamic DNS update client.
Mar 24 15:13:13 inadyn[22462]: Failed resolving hostname titi20008gua.asuscomm.com: Temporary failure in name resolution
Mar 24 15:13:13 inadyn[22462]: Update forced for alias titi20008gua.asuscomm.com, new IP# 192.168.1.11<2408:8207:19ae:f350:264b:feff:fed4:a58>
Mar 24 15:13:14 inadyn[22462]: Failed resolving hostname ns1.asuscomm.com: Temporary failure in name resolution
Mar 24 15:13:14 inadyn[22462]: Will retry again ...
Mar 24 15:13:14 inadyn[22462]: Will retry again, rc=12
Mar 24 15:13:14 inadyn[22462]: Error code 12: Temporary network error (DNS)
Mar 24 15:13:18 admin:  sh /opt/S50asuslighttpd.1 firewall-start
Mar 24 15:13:18 admin:  sh /opt/S50downloadmaster.1 firewall-start
Mar 24 15:13:23 miniupnpd[22689]: HTTP listening on port 47207
Mar 24 15:13:23 miniupnpd[22689]: Listening for NAT-PMP/PCP traffic on port 5351
Mar 24 15:13:23 miniupnpd[22689]: SendNATPMPPublicAddressChangeNotification: cannot get public IP address, stopping
Mar 24 15:13:43 watchdog: start ddns.
Mar 24 15:13:43 ddns: update WWW.ASUS.COM updatev2@asus.com, wan_unit 0
Mar 24 15:13:43 ddns: Clear ddns cache.
Mar 24 15:13:43 ddns: Start Inadyn(7).
Mar 24 15:13:43 inadyn[22770]: In-a-dyn version 2.10.0 -- Dynamic DNS update client.
Mar 24 15:13:43 inadyn[22770]: Failed resolving hostname titi20008gua.asuscomm.com: Temporary failure in name resolution
Mar 24 15:13:43 inadyn[22770]: Update forced for alias titi20008gua.asuscomm.com, new IP# 192.168.1.11<2408:8207:19ae:f350:264b:feff:fed4:a58>
Mar 24 15:13:44 inadyn[22770]: Failed resolving hostname ns1.asuscomm.com: Temporary failure in name resolution
Mar 24 15:13:44 inadyn[22770]: Will retry again ...
Mar 24 15:13:44 inadyn[22770]: Will retry again, rc=12
Mar 24 15:13:44 inadyn[22770]: Error code 12: Temporary network error (DNS)
Mar 24 15:14:13 watchdog: start ddns.
Mar 24 15:14:13 ddns: update WWW.ASUS.COM updatev2@asus.com, wan_unit 0
Mar 24 15:14:13 ddns: Clear ddns cache.
Mar 24 15:14:13 ddns: Start Inadyn(6).
Mar 24 15:14:13 inadyn[22833]: In-a-dyn version 2.10.0 -- Dynamic DNS update client.
Mar 24 15:14:13 inadyn[22833]: Failed resolving hostname titi20008gua.asuscomm.com: Temporary failure in name resolution
Mar 24 15:14:13 inadyn[22833]: Update forced for alias titi20008gua.asuscomm.com, new IP# 192.168.1.11<2408:8207:19ae:f350:264b:feff:fed4:a58>
Mar 24 15:14:14 inadyn[22833]: Failed resolving hostname ns1.asuscomm.com: Temporary failure in name resolution
Mar 24 15:14:14 inadyn[22833]: Will retry again ...
Mar 24 15:14:14 inadyn[22833]: Will retry again, rc=12
Mar 24 15:14:14 inadyn[22833]: Error code 12: Temporary network error (DNS)
Mar 24 15:14:43 watchdog: start ddns.
Mar 24 15:14:43 ddns: update WWW.ASUS.COM updatev2@asus.com, wan_unit 0
Mar 24 15:14:43 ddns: Clear ddns cache.
Mar 24 15:14:43 ddns: Start Inadyn(5).
Mar 24 15:14:43 inadyn[22937]: In-a-dyn version 2.10.0 -- Dynamic DNS update client.
Mar 24 15:14:43 inadyn[22937]: Failed resolving hostname titi20008gua.asuscomm.com: Temporary failure in name resolution
Mar 24 15:14:43 inadyn[22937]: Update forced for alias titi20008gua.asuscomm.com, new IP# 192.168.1.11<2408:8207:19ae:f350:264b:feff:fed4:a58>
Mar 24 15:14:44 inadyn[22937]: Failed resolving hostname ns1.asuscomm.com: Temporary failure in name resolution
Mar 24 15:14:44 inadyn[22937]: Will retry again ...
Mar 24 15:14:44 inadyn[22937]: Will retry again, rc=12
Mar 24 15:14:44 inadyn[22937]: Error code 12: Temporary network error (DNS)
Mar 24 15:15:00 rc_service: service 22963:notify_rc restart_letsencrypt
Mar 24 15:15:00 Let's_Encrypt: Err, DDNS update failed.
Mar 24 15:15:13 watchdog: start ddns.
Mar 24 15:15:13 ddns: update WWW.ASUS.COM updatev2@asus.com, wan_unit 0
Mar 24 15:15:13 ddns: Clear ddns cache.
Mar 24 15:15:13 ddns: Start Inadyn(4).
Mar 24 15:15:13 inadyn[23022]: In-a-dyn version 2.10.0 -- Dynamic DNS update client.
Mar 24 15:15:13 inadyn[23022]: Failed resolving hostname titi20008gua.asuscomm.com: Temporary failure in name resolution
Mar 24 15:15:13 inadyn[23022]: Update forced for alias titi20008gua.asuscomm.com, new IP# 192.168.1.11<2408:8207:19ae:f350:264b:feff:fed4:a58>
Mar 24 15:15:14 inadyn[23022]: Failed resolving hostname ns1.asuscomm.com: Temporary failure in name resolution
Mar 24 15:15:14 inadyn[23022]: Will retry again ...
Mar 24 15:15:14 inadyn[23022]: Will retry again, rc=12
Mar 24 15:15:14 inadyn[23022]: Error code 12: Temporary network error (DNS)
Mar 24 15:15:43 watchdog: start ddns.
Mar 24 15:15:43 ddns: update WWW.ASUS.COM updatev2@asus.com, wan_unit 0
Mar 24 15:15:43 ddns: Clear ddns cache.
Mar 24 15:15:43 ddns: Start Inadyn(3).
Mar 24 15:15:43 inadyn[23116]: In-a-dyn version 2.10.0 -- Dynamic DNS update client.
Mar 24 15:15:43 inadyn[23116]: Failed resolving hostname titi20008gua.asuscomm.com: Temporary failure in name resolution
Mar 24 15:15:43 inadyn[23116]: Update forced for alias titi20008gua.asuscomm.com, new IP# 192.168.1.11<2408:8207:19ae:f350:264b:feff:fed4:a58>
Mar 24 15:15:44 inadyn[23116]: Failed resolving hostname ns1.asuscomm.com: Temporary failure in name resolution
Mar 24 15:15:44 inadyn[23116]: Will retry again ...
Mar 24 15:15:44 inadyn[23116]: Will retry again, rc=12
Mar 24 15:15:44 inadyn[23116]: Error code 12: Temporary network error (DNS)
Mar 24 15:16:13 watchdog: start ddns.
Mar 24 15:16:13 ddns: update WWW.ASUS.COM updatev2@asus.com, wan_unit 0
Mar 24 15:16:13 ddns: Clear ddns cache.
Mar 24 15:16:13 ddns: Start Inadyn(2).
Mar 24 15:16:13 inadyn[23173]: In-a-dyn version 2.10.0 -- Dynamic DNS update client.
Mar 24 15:16:13 inadyn[23173]: Failed resolving hostname titi20008gua.asuscomm.com: Temporary failure in name resolution
Mar 24 15:16:13 inadyn[23173]: Update forced for alias titi20008gua.asuscomm.com, new IP# 192.168.1.11<2408:8207:19ae:f350:264b:feff:fed4:a58>
Mar 24 15:16:14 inadyn[23173]: Failed resolving hostname ns1.asuscomm.com: Temporary failure in name resolution
Mar 24 15:16:14 inadyn[23173]: Will retry again ...
Mar 24 15:16:14 inadyn[23173]: Will retry again, rc=12
Mar 24 15:16:14 inadyn[23173]: Error code 12: Temporary network error (DNS)
Mar 24 15:16:43 watchdog: start ddns.
Mar 24 15:16:43 ddns: update WWW.ASUS.COM updatev2@asus.com, wan_unit 0
Mar 24 15:16:43 ddns: Clear ddns cache.
Mar 24 15:16:43 ddns: Start Inadyn(1).
Mar 24 15:16:43 inadyn[23279]: In-a-dyn version 2.10.0 -- Dynamic DNS update client.
Mar 24 15:16:43 inadyn[23279]: Failed resolving hostname titi20008gua.asuscomm.com: Temporary failure in name resolution
Mar 24 15:16:43 inadyn[23279]: Update forced for alias titi20008gua.asuscomm.com, new IP# 192.168.1.11<2408:8207:19ae:f350:264b:feff:fed4:a58>
Mar 24 15:16:44 inadyn[23279]: Failed resolving hostname ns1.asuscomm.com: Temporary failure in name resolution
Mar 24 15:16:44 inadyn[23279]: Will retry again ...
Mar 24 15:16:44 inadyn[23279]: Will retry again, rc=12
Mar 24 15:16:44 inadyn[23279]: Error code 12: Temporary network error (DNS)
Mar 24 15:17:13 watchdog: DDNS Retry reach MAX.(0), DDNS Recover Time set 44
Mar 24 15:20:00 rc_service: service 23771:notify_rc restart_letsencrypt
Mar 24 15:20:00 Let's_Encrypt: Err, DDNS update failed.
Mar 24 15:25:00 rc_service: service 24527:notify_rc restart_letsencrypt
Mar 24 15:25:00 Let's_Encrypt: Err, DDNS update failed.
Mar 24 15:30:00 rc_service: service 25281:notify_rc restart_letsencrypt
Mar 24 15:30:00 Let's_Encrypt: Err, DDNS update failed.
Mar 24 15:35:00 rc_service: service 26044:notify_rc restart_letsencrypt
Mar 24 15:35:00 Let's_Encrypt: Err, DDNS update failed.
Mar 24 15:40:00 rc_service: service 26799:notify_rc restart_letsencrypt
Mar 24 15:40:00 Let's_Encrypt: Err, DDNS update failed.
Mar 24 15:45:00 rc_service: service 27551:notify_rc restart_letsencrypt
Mar 24 15:45:00 Let's_Encrypt: Err, DDNS update failed.
Mar 24 15:50:00 rc_service: service 28298:notify_rc restart_letsencrypt
Mar 24 15:50:00 Let's_Encrypt: Err, DDNS update failed.
Mar 24 15:55:00 rc_service: service 29052:notify_rc restart_letsencrypt
Mar 24 15:55:00 Let's_Encrypt: Err, DDNS update failed.
Mar 24 16:00:00 rc_service: service 29799:notify_rc restart_letsencrypt
Mar 24 16:00:00 Let's_Encrypt: Err, DDNS update failed.
Mar 24 16:01:13 watchdog: DDNS Recover Time reached, recover DDNS Retry.
Mar 24 16:01:13 watchdog: start ddns.
Mar 24 16:01:13 ddns: update WWW.ASUS.COM updatev2@asus.com, wan_unit 0
Mar 24 16:01:13 ddns: Clear ddns cache.
Mar 24 16:01:13 ddns: Start Inadyn(10).
Mar 24 16:01:13 inadyn[29997]: In-a-dyn version 2.10.0 -- Dynamic DNS update client.
Mar 24 16:01:13 inadyn[29997]: Failed resolving hostname titi20008gua.asuscomm.com: Temporary failure in name resolution
Mar 24 16:01:13 inadyn[29997]: Update forced for alias titi20008gua.asuscomm.com, new IP# 192.168.1.11<2408:8207:19ae:f350:264b:feff:fed4:a58>
Mar 24 16:01:14 inadyn[29997]: Failed resolving hostname ns1.asuscomm.com: Temporary failure in name resolution
Mar 24 16:01:14 inadyn[29997]: Will retry again ...
Mar 24 16:01:14 inadyn[29997]: Will retry again, rc=12
Mar 24 16:01:14 inadyn[29997]: Error code 12: Temporary network error (DNS)
Mar 24 16:01:43 watchdog: start ddns.
Mar 24 16:01:43 ddns: update WWW.ASUS.COM updatev2@asus.com, wan_unit 0
Mar 24 16:01:43 ddns: Clear ddns cache.
Mar 24 16:01:43 ddns: Start Inadyn(9).
Mar 24 16:01:43 inadyn[30057]: In-a-dyn version 2.10.0 -- Dynamic DNS update client.
Mar 24 16:01:43 inadyn[30057]: Failed resolving hostname titi20008gua.asuscomm.com: Temporary failure in name resolution
Mar 24 16:01:43 inadyn[30057]: Update forced for alias titi20008gua.asuscomm.com, new IP# 192.168.1.11<2408:8207:19ae:f350:264b:feff:fed4:a58>
Mar 24 16:01:44 inadyn[30057]: Failed resolving hostname ns1.asuscomm.com: Temporary failure in name resolution
Mar 24 16:01:44 inadyn[30057]: Will retry again ...
Mar 24 16:01:44 inadyn[30057]: Will retry again, rc=12
Mar 24 16:01:44 inadyn[30057]: Error code 12: Temporary network error (DNS)
Mar 24 16:02:13 watchdog: start ddns.
Mar 24 16:02:13 ddns: update WWW.ASUS.COM updatev2@asus.com, wan_unit 0
Mar 24 16:02:13 ddns: Clear ddns cache.
Mar 24 16:02:13 ddns: Start Inadyn(8).
Mar 24 16:02:13 inadyn[30150]: In-a-dyn version 2.10.0 -- Dynamic DNS update client.
Mar 24 16:02:13 inadyn[30150]: Failed resolving hostname titi20008gua.asuscomm.com: Temporary failure in name resolution
Mar 24 16:02:13 inadyn[30150]: Update forced for alias titi20008gua.asuscomm.com, new IP# 192.168.1.11<2408:8207:19ae:f350:264b:feff:fed4:a58>
Mar 24 16:02:14 inadyn[30150]: Failed resolving hostname ns1.asuscomm.com: Temporary failure in name resolution
Mar 24 16:02:14 inadyn[30150]: Will retry again ...
Mar 24 16:02:14 inadyn[30150]: Will retry again, rc=12
Mar 24 16:02:14 inadyn[30150]: Error code 12: Temporary network error (DNS)
Mar 24 16:02:43 watchdog: start ddns.
Mar 24 16:02:43 ddns: update WWW.ASUS.COM updatev2@asus.com, wan_unit 0
Mar 24 16:02:43 ddns: Clear ddns cache.
Mar 24 16:02:43 ddns: Start Inadyn(7).
Mar 24 16:02:43 inadyn[30228]: In-a-dyn version 2.10.0 -- Dynamic DNS update client.
Mar 24 16:02:43 inadyn[30228]: Failed resolving hostname titi20008gua.asuscomm.com: Temporary failure in name resolution
Mar 24 16:02:43 inadyn[30228]: Update forced for alias titi20008gua.asuscomm.com, new IP# 192.168.1.11<2408:8207:19ae:f350:264b:feff:fed4:a58>
Mar 24 16:02:44 inadyn[30228]: Failed resolving hostname ns1.asuscomm.com: Temporary failure in name resolution
Mar 24 16:02:44 inadyn[30228]: Will retry again ...
Mar 24 16:02:44 inadyn[30228]: Will retry again, rc=12
Mar 24 16:02:44 inadyn[30228]: Error code 12: Temporary network error (DNS)
Mar 24 16:03:13 watchdog: start ddns.
Mar 24 16:03:13 ddns: update WWW.ASUS.COM updatev2@asus.com, wan_unit 0
Mar 24 16:03:13 ddns: Clear ddns cache.
Mar 24 16:03:13 ddns: Start Inadyn(6).
Mar 24 16:03:13 inadyn[30384]: In-a-dyn version 2.10.0 -- Dynamic DNS update client.
Mar 24 16:03:13 inadyn[30384]: Failed resolving hostname titi20008gua.asuscomm.com: Temporary failure in name resolution
Mar 24 16:03:13 inadyn[30384]: Update forced for alias titi20008gua.asuscomm.com, new IP# 192.168.1.11<2408:8207:19ae:f350:264b:feff:fed4:a58>
Mar 24 16:03:14 inadyn[30384]: Failed resolving hostname ns1.asuscomm.com: Temporary failure in name resolution
Mar 24 16:03:14 inadyn[30384]: Will retry again ...
Mar 24 16:03:14 inadyn[30384]: Will retry again, rc=12
Mar 24 16:03:14 inadyn[30384]: Error code 12: Temporary network error (DNS)
Mar 24 16:03:43 watchdog: start ddns.
Mar 24 16:03:43 ddns: update WWW.ASUS.COM updatev2@asus.com, wan_unit 0
Mar 24 16:03:43 ddns: Clear ddns cache.
Mar 24 16:03:43 ddns: Start Inadyn(5).
Mar 24 16:03:43 inadyn[30443]: In-a-dyn version 2.10.0 -- Dynamic DNS update client.
Mar 24 16:03:43 inadyn[30443]: Failed resolving hostname titi20008gua.asuscomm.com: Temporary failure in name resolution
Mar 24 16:03:43 inadyn[30443]: Update forced for alias titi20008gua.asuscomm.com, new IP# 192.168.1.11<2408:8207:19ae:f350:264b:feff:fed4:a58>
Mar 24 16:03:44 inadyn[30443]: Failed resolving hostname ns1.asuscomm.com: Temporary failure in name resolution
Mar 24 16:03:44 inadyn[30443]: Will retry again ...
Mar 24 16:03:44 inadyn[30443]: Will retry again, rc=12
Mar 24 16:03:44 inadyn[30443]: Error code 12: Temporary network error (DNS)
Mar 24 16:04:13 watchdog: start ddns.
Mar 24 16:04:13 ddns: update WWW.ASUS.COM updatev2@asus.com, wan_unit 0
Mar 24 16:04:13 ddns: Clear ddns cache.
Mar 24 16:04:13 ddns: Start Inadyn(4).
Mar 24 16:04:13 inadyn[30536]: In-a-dyn version 2.10.0 -- Dynamic DNS update client.
Mar 24 16:04:13 inadyn[30536]: Failed resolving hostname titi20008gua.asuscomm.com: Temporary failure in name resolution
Mar 24 16:04:13 inadyn[30536]: Update forced for alias titi20008gua.asuscomm.com, new IP# 192.168.1.11<2408:8207:19ae:f350:264b:feff:fed4:a58>
Mar 24 16:04:14 inadyn[30536]: Failed resolving hostname ns1.asuscomm.com: Temporary failure in name resolution
Mar 24 16:04:14 inadyn[30536]: Will retry again ...
Mar 24 16:04:14 inadyn[30536]: Will retry again, rc=12
Mar 24 16:04:14 inadyn[30536]: Error code 12: Temporary network error (DNS)
Mar 24 16:04:43 watchdog: start ddns.
Mar 24 16:04:43 ddns: update WWW.ASUS.COM updatev2@asus.com, wan_unit 0
Mar 24 16:04:43 ddns: Clear ddns cache.
Mar 24 16:04:43 ddns: Start Inadyn(3).
Mar 24 16:04:43 inadyn[30605]: In-a-dyn version 2.10.0 -- Dynamic DNS update client.
Mar 24 16:04:43 inadyn[30605]: Failed resolving hostname titi20008gua.asuscomm.com: Temporary failure in name resolution
Mar 24 16:04:43 inadyn[30605]: Update forced for alias titi20008gua.asuscomm.com, new IP# 192.168.1.11<2408:8207:19ae:f350:264b:feff:fed4:a58>
Mar 24 16:04:44 inadyn[30605]: Failed resolving hostname ns1.asuscomm.com: Temporary failure in name resolution
Mar 24 16:04:44 inadyn[30605]: Will retry again ...
Mar 24 16:04:44 inadyn[30605]: Will retry again, rc=12
Mar 24 16:04:44 inadyn[30605]: Error code 12: Temporary network error (DNS)
Mar 24 16:05:00 rc_service: service 30664:notify_rc restart_letsencrypt
Mar 24 16:05:00 Let's_Encrypt: Err, DDNS update failed.
Mar 24 16:05:10 admin:  sh /opt/S50asuslighttpd.1 stop
Mar 24 16:05:10 admin:  sh /opt/S50downloadmaster.1 stop
Mar 24 16:05:10 custom_script: Found unmount, but custom script execution is disabled!
Mar 24 16:05:11 ejusb: USB partition unmounted from /tmp/mnt/ST4T
Mar 24 16:05:11 rc_service: httpd 1767:notify_rc stop_upgrade
Mar 24 16:05:12 usb: USB is ejected
Mar 24 16:05:12 custom_script: Found nat-start, but custom script execution is disabled!
Mar 24 16:05:13 BWDPI: force to flush flowcache entries
Mar 24 16:05:13 kernel: udb_core lock_num = 19
Mar 24 16:05:13 BWDPI: rollback fc
Mar 24 16:05:13 watchdog: start ddns.
Mar 24 16:05:13 ddns: update WWW.ASUS.COM updatev2@asus.com, wan_unit 0
Mar 24 16:05:13 ddns: Clear ddns cache.
Mar 24 16:05:13 ddns: Start Inadyn(2).
Mar 24 16:05:13 inadyn[31084]: In-a-dyn version 2.10.0 -- Dynamic DNS update client.
Mar 24 16:05:13 inadyn[31084]: Failed resolving hostname titi20008gua.asuscomm.com: Temporary failure in name resolution
Mar 24 16:05:13 inadyn[31084]: Update forced for alias titi20008gua.asuscomm.com, new IP# 192.168.1.11<2408:8207:19ae:f350:264b:feff:fed4:a58>
Mar 24 16:05:13 inadyn[31084]: Failed resolving hostname ns1.asuscomm.com: Temporary failure in name resolution
Mar 24 16:05:14 inadyn[31084]: Will retry again ...
Mar 24 16:05:14 inadyn[31084]: Will retry again, rc=12
Mar 24 16:05:14 inadyn[31084]: Error code 12: Temporary network error (DNS)
Mar 24 16:05:14 WEBDAV_Server: daemon is stopped
Mar 24 16:05:14 WEBDAV_Server: arpping daemon is stopped
Mar 24 16:05:14 iTunes: daemon is stopped
Mar 24 16:05:14 FTP_Server: daemon is stopped
Mar 24 16:05:14 wsdd2[4491]: Terminated received.
Mar 24 16:05:14 Samba_Server: smb daemon is stopped
Mar 24 16:05:14 Timemachine: daemon is stopped
Mar 24 16:05:14 WEBDAV_Server: daemon is stopped
Mar 24 16:05:14 iTunes: daemon is stopped
Mar 24 16:05:14 FTP_Server: daemon is stopped
Mar 24 16:05:14 Samba_Server: smb daemon is stopped
Mar 24 16:05:14 Timemachine: daemon is stopped
Mar 24 16:05:15 kernel: sd 0:0:0:0: [sda] Synchronizing SCSI cache
Mar 24 16:05:15 rc_service: hotplug 31228:notify_rc restart_nasapps
Mar 24 16:05:15 rc_service: waitting "stop_upgrade" via httpd ...
Mar 24 16:05:16 6relayd[1956]: Termination requested by signal.
Mar 24 16:05:16 ntpd: Stopped ntpd
Mar 24 16:05:17 miniupnpd[22689]: shutting down MiniUPnPd
Mar 24 16:05:17 disk_monitor: Finish
Mar 24 16:05:17 Mastiff: Got SIGTERM
Mar 24 16:05:18 kernel: CPU: 3 PID: 31284 Comm: aaews Tainted: P           O    4.1.52 #2
Mar 24 16:05:18 kernel: Hardware name: Broadcom-v8A (DT)
Mar 24 16:05:18 kernel: task: ffffffc0320c2bc0 ti: ffffffc02cdfc000 task.ti: ffffffc02cdfc000
Mar 24 16:05:18 kernel: PC is at 0x0
Mar 24 16:05:18 kernel: LR is at 0x19b6c
Mar 24 16:05:18 kernel: pc : [<0000000000000000>] lr : [<0000000000019b6c>] pstate: 600e0010
Mar 24 16:05:18 kernel: sp : 00000000ffee0e08
Mar 24 16:05:18 kernel: x12: 00000000f6fb7fb4 
Mar 24 16:05:18 kernel: x11: 00000000f71bb25c x10: 00000000f71bb29c 
Mar 24 16:05:18 kernel: x9 : 0000000000000000 x8 : 0000000000000002 
Mar 24 16:05:18 kernel: x7 : 00000000000000a2 x6 : 000000007fffffff 
Mar 24 16:05:18 kernel: x5 : 000000000002f000 x4 : 000000000002f000 
Mar 24 16:05:18 kernel: x3 : 0000000000000000 x2 : 0000000000000001 
Mar 24 16:05:18 kernel: x1 : 00000000000001a8 x0 : 00000000000001e4 
Mar 24 16:05:21 rc_service: httpd 1767:notify_rc start_upgrade
Mar 24 16:05:45 rc_service: skip the event: restart_nasapps.
Mar 24 16:05:45 rc_service: hotplug 31229:notify_rc restart_nasapps
Mar 24 16:05:45 rc_service: waitting "start_upgrade" via httpd ...
Mar 24 16:06:04 custom_script: Found services-stop, but custom script execution is disabled!
Mar 24 16:06:04 WEBDAV_Server: daemon is stopped
Mar 24 16:06:04 FTP_Server: daemon is stopped
Mar 24 16:06:04 Samba_Server: smb daemon is stopped
Mar 24 16:06:04 Timemachine: daemon is stopped
Mar 24 16:06:05 kernel: wl0: random key value: B392330C470574D457430373514DCA2B31D574E8864F000F253CCE24330A8058
Mar 24 16:06:05 kernel: wl0: random key value: 51D46B9F8042982A3EA503538F21573A37E13949091D062509732AA4C00842AB
Mar 24 16:06:05 kernel: wl0: random key value: 984A366B52C95EFE3B3803833165BB111FC23E0432C20B57C13C3055962679D0
Mar 24 16:06:05 kernel: wl0: random key value: 5769935D42BFD7EE144D016067A968EF7F121CF2C9F40FC2252D70F6ACE6D017
Mar 24 16:06:05 kernel: wl0: random key value: 052577B0200305EB7F39006FC26360682E6A85EFB0000765D529DDC7949D5DF6
Mar 24 16:06:05 kernel: wl0: random key value: C1FC5E06C9DEFF570C9F033363E4A2414AA2C4F49CC80F045F5A21E2DD32E92D
Mar 24 16:06:05 kernel: wfd_unregisterdevice Successfully unregistered ifidx 2 wfd_idx 0
Mar 24 16:06:06 kernel: wl0: random key value: F2C5819ED39D646104E20162B62D8D2858134159370802A3B0E83E8617D83C3C
Mar 24 16:06:06 kernel: wl0: random key value: B0E1E9D9C12EE7026AB7019897D6FECF923B7FF0F0160606C48266654E881729
Mar 24 16:06:06 kernel: wl0: random key value: 2DE795F1FF80DA7A72980115C8CF0A2F645FB3C14D4C019EC314AA0B0AC7F0D2
Mar 24 16:06:06 kernel: wfd_unregisterdevice Successfully unregistered ifidx 1 wfd_idx 0
Mar 24 16:06:06 kernel: CSIMON:  CSIMON[1.1.0] Initialization
Mar 24 16:06:06 kernel: CSIMON: M2M usr already registered ...
Mar 24 16:06:08 ddns: eth0 has not yet obtained an WAN IPv6 address.(2)
Mar 24 16:06:08 ddns: eth0 not find External WAN IP, go retry.(2)
Mar 24 16:06:13 kernel: ^[[0;33;41m[ERROR pktrunner] runnerUcast_inet6addr_event,148: Could not rdpa_system_ipv6_host_address_table_find ret=-5^[[0m
Mar 24 16:06:13 kernel: port_generic_stop 564 skip turnning off power on eth4 here
Mar 24 16:06:13 kernel: port_generic_stop 564 skip turnning off power on eth3 here
Mar 24 16:06:13 kernel: port_generic_stop 564 skip turnning off power on eth2 here
Mar 24 16:06:13 kernel: port_generic_stop 564 skip turnning off power on eth1 here
Mar 24 16:06:13 kernel: port_generic_stop 564 skip turnning off power on eth5 here
Mar 24 16:06:13 kernel: ubi2: attaching mtd10
Mar 24 16:06:13 kernel: ubi2: scanning is finished
Mar 24 16:06:13 kernel: ubi2: attached mtd10 (name "misc1", size 8 MiB)
Mar 24 16:06:13 kernel: ubi2: PEB size: 131072 bytes (128 KiB), LEB size: 126976 bytes
Mar 24 16:06:13 kernel: ubi2: min./max. I/O unit sizes: 2048/2048, sub-page size 2048
Mar 24 16:06:13 kernel: ubi2: VID header offset: 2048 (aligned 2048), data offset: 4096
Mar 24 16:06:13 kernel: ubi2: good PEBs: 64, bad PEBs: 0, corrupted PEBs: 0
Mar 24 16:06:13 kernel: ubi2: user volume: 1, internal volumes: 1, max. volumes count: 128
Mar 24 16:06:13 kernel: ubi2: max/mean erase counter: 15/5, WL threshold: 4096, image sequence number: 1725884149
Mar 24 16:06:13 kernel: ubi2: available PEBs: 0, total reserved PEBs: 64, PEBs reserved for bad PEB handling: 4
Mar 24 16:06:13 kernel: ubi2: background thread "ubi_bgt2d" started, PID 31507
Mar 24 16:06:14 kernel: UBIFS (ubi2:0): background thread "ubifs_bgt2_0" started, PID 31517
Mar 24 16:06:14 kernel: UBIFS (ubi2:0): UBIFS: mounted UBI device 2, volume 0, name "nvram"
Mar 24 16:06:14 kernel: UBIFS (ubi2:0): LEB size: 126976 bytes (124 KiB), min./max. I/O unit sizes: 2048 bytes/2048 bytes
Mar 24 16:06:14 kernel: UBIFS (ubi2:0): FS size: 5840896 bytes (5 MiB, 46 LEBs), journal size 1396736 bytes (1 MiB, 11 LEBs)
Mar 24 16:06:14 kernel: UBIFS (ubi2:0): reserved for root: 0 bytes (0 KiB)
Mar 24 16:06:14 kernel: UBIFS (ubi2:0): media format: w4/r0 (latest is w4/r0), UUID 4B2A44DD-417E-46D8-97CE-24D278768884, small LPT model
Mar 24 16:06:14 kernel: UBIFS (ubi2:0): un-mount UBI device 2
Mar 24 16:06:14 kernel: UBIFS (ubi2:0): background thread "ubifs_bgt2_0" stops
Mar 24 16:06:14 kernel: ubi2: detaching mtd10
Mar 24 16:06:14 kernel: ubi2: mtd10 is detached
Mar 24 16:06:14 get_ext_phy_id: 0/1/0/0
Mar 24 16:06:14 FTP_Server: daemon is stopped
Mar 24 16:06:14 Samba_Server: smb daemon is stopped
Mar 24 16:06:14 Timemachine: daemon is stopped
Mar 24 16:06:14 FTP_Server: daemon is stopped
Mar 24 16:06:14 Samba_Server: smb daemon is stopped
Mar 24 16:06:15 Timemachine: daemon is stopped
Mar 24 16:06:15 WEBDAV_Server: daemon is stopped
May  5 13:05:15 kernel: klogd started: BusyBox v1.25.1 (2023-08-24 22:16:59 CST)
May  5 13:05:15 kernel: Linux version 4.1.52 (sadog@ubuntu2004) (gcc version 5.5.0 (Buildroot 2017.11.1) ) #2 SMP PREEMPT Thu Aug 24 22:44:13 CST 2023
May  5 13:05:15 kernel: CPU: AArch64 Processor [420f1000] revision 0
May  5 13:05:15 kernel: Kernel command line: root=ubi:rootfs_ubifs ubi.mtd=0 rootfstype=ubifs coherent_pool=4M cpuidle_sysfs_switch pci=pcie_bus_safe rootwait
May  5 13:05:15 kernel: Virtual kernel memory layout:
May  5 13:05:15 kernel:     vmalloc : 0xffffff8000000000 - 0xffffffbdffff0000   (   247 GB)
May  5 13:05:15 kernel:     vmemmap : 0xffffffbe00000000 - 0xffffffbfc0000000   (     7 GB maximum)
May  5 13:05:15 kernel:               0xffffffbe00000000 - 0xffffffbe00e00000   (    14 MB actual)
May  5 13:05:15 kernel:     fixed   : 0xffffffbffabfd000 - 0xffffffbffac00000   (    12 KB)
May  5 13:05:15 kernel:     PCI I/O : 0xffffffbffae00000 - 0xffffffbffbe00000   (    16 MB)
May  5 13:05:15 kernel:     modules : 0xffffffbffc000000 - 0xffffffc000000000   (    64 MB)
May  5 13:05:15 kernel:     memory  : 0xffffffc000000000 - 0xffffffc040000000   (  1024 MB)
May  5 13:05:15 kernel:       .init : 0xffffffc000713000 - 0xffffffc00074d000   (   232 KB)
May  5 13:05:15 kernel:       .text : 0xffffffc000080000 - 0xffffffc0007122b4   (  6729 KB)
May  5 13:05:15 kernel:       .data : 0xffffffc00074e000 - 0xffffffc00091dfc0   (  1856 KB)
May  5 13:05:15 kernel: Do not need to create mapping for reserved memory phys 0x000000000e000000 virt 0xffffffc00e000000 size 0x02000000 for rdp1
May  5 13:05:15 kernel: creating mapping for reserved memory phys 0x000000000b400000 virt 0xffffffc00b400000 size 0x02c00000 for rdp2
May  5 13:05:15 kernel: creating mapping for reserved memory phys 0x000000000a900000 virt 0xffffffc00a900000 size 0x00b00000 for dhd1
May  5 13:05:15 kernel: pmc_init:PMC using DQM mode
May  5 13:05:15 kernel: Successfully retrieved NVRAM data from dtb
May  5 13:05:15 kernel: cfe-v^A: 1.0.38-163.231
May  5 13:05:15 kernel: CPU1: Booted secondary processor
May  5 13:05:15 kernel: CPU2: Booted secondary processor
May  5 13:05:15 kernel: CPU3: Booted secondary processor
May  5 13:05:15 kernel: Broadcom Logger v0.1
May  5 13:05:15 kernel: skb_free_task created successfully with start budget 256
May  5 13:05:15 kernel: ^[[0;34mBLOG v3.0 Initialized^[[0m
May  5 13:05:15 kernel: BLOG Rule v1.0 Initialized
May  5 13:05:15 kernel: Broadcom IQoS v1.0 initialized
May  5 13:05:15 kernel: Broadcom GBPM v0.1 initialized
May  5 13:05:15 kernel: >>>>> For primary mtd partition rootfs, cferam/vmlinux.lz UBI volume, vmlinux fs mounted as UBIFS <<<<<
May  5 13:05:15 kernel: Secondary mtd partition rootfs_update detected as UBI for cferam/vmlinux source and UBIFS for vmlinux filesystem
May  5 13:05:15 kernel: setup_mtd_parts: misc indx 2 name misc3 nvram configured size 1 
May  5 13:05:15 kernel: setup_mtd_parts: name misc3 configured size 0x00100000 offset 0xF600000
May  5 13:05:15 kernel: setup_mtd_parts: misc indx 1 name misc2 nvram configured size 47 
May  5 13:05:15 kernel: setup_mtd_parts: name misc2 configured size 0x02f00000 offset 0xC700000
May  5 13:05:15 kernel: setup_mtd_parts: misc indx 0 name misc1 nvram configured size 8 
May  5 13:05:15 kernel: setup_mtd_parts: name misc1 configured size 0x00800000 offset 0xBF00000
May  5 13:05:15 kernel: Creating 11 MTD partitions on "brcmnand.0":
May  5 13:05:15 kernel: 0x000000100000-0x000006000000 : "rootfs"
May  5 13:05:15 kernel: 0x000006000000-0x00000bf00000 : "rootfs_update"
May  5 13:05:15 kernel: 0x00000f700000-0x00000ff00000 : "data"
May  5 13:05:15 kernel: 0x000000000000-0x000000100000 : "nvram"
May  5 13:05:15 kernel: 0x000000100000-0x000006000000 : "image"
May  5 13:05:15 kernel: 0x000006000000-0x00000bf00000 : "image_update"
May  5 13:05:15 kernel: 0x000000000000-0x000010000000 : "dummy1"
May  5 13:05:15 kernel: 0x000000000000-0x000010000000 : "dummy2"
May  5 13:05:15 kernel: 0x00000f600000-0x00000f700000 : "misc3"
May  5 13:05:15 kernel: 0x00000c700000-0x00000f600000 : "misc2"
May  5 13:05:15 kernel: 0x00000bf00000-0x00000c700000 : "misc1"
May  5 13:05:15 kernel: brcmboard registered
May  5 13:05:15 kernel: brcmboard: brcm_board_init entry
May  5 13:05:15 kernel: print_rst_status: Last RESET due to SW reset
May  5 13:05:15 kernel: print_rst_status: RESET reason: 0x00000000
May  5 13:05:15 kernel: DYING GASP IRQ Initialized and Enabled
May  5 13:05:15 kernel: map_hw_timer_interrupt,130: interrupt_id 20
May  5 13:05:15 kernel: map_hw_timer_interrupt,130: interrupt_id 21
May  5 13:05:15 kernel: map_hw_timer_interrupt,130: interrupt_id 22
May  5 13:05:15 kernel: map_hw_timer_interrupt,130: interrupt_id 23
May  5 13:05:15 kernel: Registering button 0 (ffffffc00096da28) (bpGpio: 0000801f, bpExtIrq:00000000 (0))
May  5 13:05:15 kernel:     extIrqIdx:0, gpioNum:31 ACTIVE LOW
May  5 13:05:15 kernel: Registering button 1 (ffffffc00096dae8) (bpGpio: 00008002, bpExtIrq:00000001 (1))
May  5 13:05:15 kernel:     extIrqIdx:1, gpioNum:2 ACTIVE LOW
May  5 13:05:15 kernel: Registering button 2 (ffffffc00096dba8) (bpGpio: 00008036, bpExtIrq:00000001 (1))
May  5 13:05:15 kernel:     extIrqIdx:1, gpioNum:54 ACTIVE LOW
May  5 13:05:15 kernel: genirq: Flags mismatch irq 34. 00000000 (brcm_34) vs. 00000000 (brcm_34)
May  5 13:05:15 kernel: request_irq failed for irq=34 (brcm_34) retval=-16
May  5 13:05:15 kernel: Broadcom BPM Module Char Driver v0.1 Registered<304>^[[0m
May  5 13:05:15 kernel: BPM: tot_mem_size=1073741824B (1024MB), buf_mem_size <15%> =161061270B (153MB), num of buffers=57195, buf size=2816
May  5 13:05:15 kernel: ^[[0;34m[NTC bpm] bpm_mem_pool_buf_alloc: tot_mem_pool=2487 mem_idx:2487^[[0m
May  5 13:05:15 kernel: ^[[0;34m[NTC bpm] bpm_init_buf_pool: buf_top_idx:57195^[[0m
May  5 13:05:15 kernel: ^[[0;34m[NTC bpm] bpm_init_skb_pool: skbs pool inited total 57195^[[0m
May  5 13:05:15 kernel: ubi0: attaching mtd0
May  5 13:05:15 kernel: ubi0: scanning is finished
May  5 13:05:15 kernel: gluebi (pid 1): gluebi_resized: got update notification for unknown UBI device 0 volume 0
May  5 13:05:15 kernel: ubi0: volume 0 ("rootfs_ubifs") re-sized from 624 to 711 LEBs
May  5 13:05:15 kernel: ubi0: attached mtd0 (name "rootfs", size 95 MiB)
May  5 13:05:15 kernel: ubi0: PEB size: 131072 bytes (128 KiB), LEB size: 126976 bytes
May  5 13:05:15 kernel: ubi0: min./max. I/O unit sizes: 2048/2048, sub-page size 2048
May  5 13:05:15 kernel: ubi0: VID header offset: 2048 (aligned 2048), data offset: 4096
May  5 13:05:15 kernel: ubi0: good PEBs: 760, bad PEBs: 0, corrupted PEBs: 0
May  5 13:05:15 kernel: ubi0: user volume: 4, internal volumes: 1, max. volumes count: 128
May  5 13:05:15 kernel: ubi0: max/mean erase counter: 1/0, WL threshold: 4096, image sequence number: 1327686550
May  5 13:05:15 kernel: ubi0: available PEBs: 0, total reserved PEBs: 760, PEBs reserved for bad PEB handling: 15
May  5 13:05:15 kernel: ubi0: background thread "ubi_bgt0d" started, PID 70
May  5 13:05:15 kernel: UBIFS (ubi0:0): UBIFS: mounted UBI device 0, volume 0, name "rootfs_ubifs", R/O mode
May  5 13:05:15 kernel: UBIFS (ubi0:0): LEB size: 126976 bytes (124 KiB), min./max. I/O unit sizes: 2048 bytes/2048 bytes
May  5 13:05:15 kernel: UBIFS (ubi0:0): FS size: 88883200 bytes (84 MiB, 700 LEBs), journal size 9023488 bytes (8 MiB, 72 LEBs)
May  5 13:05:15 kernel: UBIFS (ubi0:0): reserved for root: 0 bytes (0 KiB)
May  5 13:05:15 kernel: UBIFS (ubi0:0): media format: w4/r0 (latest is w4/r0), UUID 79137822-417E-48A7-9206-C59EE79C446F, small LPT model
May  5 13:05:15 kernel: ubi1: attaching mtd2
May  5 13:05:15 kernel: ubi1: scanning is finished
May  5 13:05:15 kernel: ubi1: attached mtd2 (name "data", size 8 MiB)
May  5 13:05:15 kernel: ubi1: PEB size: 131072 bytes (128 KiB), LEB size: 126976 bytes
May  5 13:05:15 kernel: ubi1: min./max. I/O unit sizes: 2048/2048, sub-page size 2048
May  5 13:05:15 kernel: ubi1: VID header offset: 2048 (aligned 2048), data offset: 4096
May  5 13:05:15 kernel: ubi1: good PEBs: 64, bad PEBs: 0, corrupted PEBs: 0
May  5 13:05:15 kernel: ubi1: user volume: 1, internal volumes: 1, max. volumes count: 128
May  5 13:05:15 kernel: ubi1: max/mean erase counter: 311/153, WL threshold: 4096, image sequence number: 4027580540
May  5 13:05:15 kernel: ubi1: available PEBs: 0, total reserved PEBs: 64, PEBs reserved for bad PEB handling: 4
May  5 13:05:15 kernel: ubi1: background thread "ubi_bgt1d" started, PID 161
May  5 13:05:15 kernel: UBIFS (ubi1:0): background thread "ubifs_bgt1_0" started, PID 170
May  5 13:05:15 kernel: UBIFS (ubi1:0): UBIFS: mounted UBI device 1, volume 0, name "data"
May  5 13:05:15 kernel: UBIFS (ubi1:0): LEB size: 126976 bytes (124 KiB), min./max. I/O unit sizes: 2048 bytes/2048 bytes
May  5 13:05:15 kernel: UBIFS (ubi1:0): FS size: 5840896 bytes (5 MiB, 46 LEBs), journal size 1015809 bytes (0 MiB, 6 LEBs)
May  5 13:05:15 kernel: UBIFS (ubi1:0): reserved for root: 275879 bytes (269 KiB)
May  5 13:05:15 kernel: UBIFS (ubi1:0): media format: w4/r0 (latest is w4/r0), UUID 4D86AED0-D945-4B6A-AE7D-D69C04861C7A, small LPT model
May  5 13:05:15 kernel: wlcsm: module license 'Proprietary' taints kernel.
May  5 13:05:15 kernel: Disabling lock debugging due to kernel taint
May  5 13:05:15 kernel: BCMLIBS loaded...
May  5 13:05:15 kernel: bm_base_addr 0xffffffc00e000000, size 33554432, bm_base_addr_phys 0x000000000e000000
May  5 13:05:15 kernel: fm_base_addr 0xffffffc00b400000, size 46137344, fm_base_addr_phys 0x000000000b400000
May  5 13:05:15 kernel: RDP Physical address=0x82200000 Virtual address = 0xffffff8000c80000
May  5 13:05:15 kernel: configure_runner: NATC keysize 0x100070 key element size 16 contextsize 0x400000 context element size 64
May  5 13:05:15 kernel: ++++Runner gso_desc_pool created successfully
May  5 13:05:15 kernel: rdd_init_params.runner_nat_cache_key_ptr=0xffffffc00bd00000
May  5 13:05:15 kernel: rdd_init_params.runner_nat_cache_context_ptr=0xffffffc00b400000
May  5 13:05:15 kernel: rdd_init_params.runner_context_cont_ptr=0xffffffc00b800000
May  5 13:05:15 kernel: FPM_BPM phy_addr 0x82c30000,virt_addr 0xffffff80008fe000
May  5 13:05:15 kernel:  RDP PKT memory = 32MB : Max Possible Bufs <16384> of size <2048>; Allocating <15360> bufs; RDP enum <5>
May  5 13:05:15 kernel: brcmchipinfo: brcm_chipinfo_init entry
May  5 13:05:15 kernel: Broadcom Ingress QoS Module  Char Driver v1.0 Registered<303>^[[0m
May  5 13:05:15 kernel: Broadcom Ingress QoS v1.0 initialized
May  5 13:05:15 kernel: ^[[0;36;44mBroadcom Packet Flow Cache ^[[0m
May  5 13:05:15 kernel: FCACHE_CONFIG_MAX_FLOW_ENTRIES<16384>
May  5 13:05:15 kernel: FCACHE_CONFIG_MAX_FDB_ENTRIES<1024>
May  5 13:05:15 kernel: FCACHE_CONFIG_MAX_HOST_DEV_ENTRIES<64>
May  5 13:05:15 kernel: FCACHE_CONFIG_MAX_HOST_MAC_ENTRIES<32>
May  5 13:05:15 kernel: npe_max_entries<32768>
May  5 13:05:15 kernel: Bind blog_notify_evt_enqueue_fn[<ffffffbffc46f5d8>]
May  5 13:05:15 kernel: fc_evt task created successfully
May  5 13:05:15 kernel: max_ent = 16384 intvl_msec = 10000 num_slices = 2000 num_ent = 9 period_msec = 5 
May  5 13:05:15 kernel: NBUFF v1.0 Initialized
May  5 13:05:15 kernel: ^[[0;36;44mTotal # of labels = 83^[[0m
May  5 13:05:15 kernel: ^[[0;36;44mInitialized fcache state^[[0m
May  5 13:05:15 kernel: 	Pkt HW acceleration is disabled/unavailable.
May  5 13:05:15 kernel: ^[[0;36;44mBroadcom Packet Flow Cache  Char Driver v4.0 Registered<302>^[[0m
May  5 13:05:15 kernel: fc_timer_task created successfully
May  5 13:05:15 kernel: 	Pkt HW acceleration is disabled/unavailable.
May  5 13:05:15 kernel: Created Proc FS /procfs/fcache
May  5 13:05:15 kernel: ^[[0;36;44mBroadcom Packet Flow Cache registered with netdev chain^[[0m
May  5 13:05:15 kernel: ^[[0;36;44mBroadcom Packet Flow Cache learning via BLOG enabled.^[[0m
May  5 13:05:15 kernel: ^[[0;35m[FHW]  pktDbgLvl[0xffffffbffc489dc8]=0^[[0m
May  5 13:05:15 kernel: ^[[0;34m[FHW]  fhw_construct: ^[[0m
May  5 13:05:15 kernel: ^[[0;36;44mInitialized Fcache HW accelerator layer state^[[0m
May  5 13:05:15 kernel: flwStatsThread created. numFlwsPerPoll 546 maxFlwIdx 16383
May  5 13:05:15 kernel: ^[[0;36;44mFcache Pathstats created^[[0m
May  5 13:05:15 kernel: ^[[0;36;44mConstructed Broadcom Packet Flow Cache v4.0^[[0m
May  5 13:05:15 kernel: Broadcom Command List Driver v1.0
May  5 13:05:15 kernel: crossbar[0]: Allocated cb_idx=0 int_ep=0
May  5 13:05:15 kernel: crossbar[0]: Add cb_idx=0 ext_ep=0 SERDES:6
May  5 13:05:15 kernel: crossbar[1]: Allocated cb_idx=0 int_ep=1
May  5 13:05:15 kernel: crossbar[1]: Add cb_idx=0 ext_ep=1 GPHY:12
May  5 13:05:15 kernel: crossbar Mux: connect cb_idx:0  int_ep 0 to ext_ep 0
May  5 13:05:15 kernel: crossbar Mux: connect cb_idx:0  int_ep 1 to ext_ep 1
May  5 13:05:15 kernel: Detecting PHYs...
May  5 13:05:15 kernel: 54991EL  B0 3590:5089 --> 0x1e 
May  5 13:05:15 kernel: Loading firmware into detected PHYs...
May  5 13:05:15 kernel: Firmware version: Blackfin B0 v02-02-06
May  5 13:05:15 kernel: Loading firmware into PHYs: map=0x40000000 count=1
May  5 13:05:15 kernel: Halt the PHYs processors operation
May  5 13:05:15 kernel: Upload the firmware into the on-chip memory
May  5 13:05:15 kernel: ^M0%^M1%^M2%^M3%^M4%^M5%^M6%^M7%^M8%^M9%^M10%^M11%^M12%^M13%^M14%^M15%^M16%^M17%^M18%^M19%^M20%^M21%^M22%^M23%^M24%^M25%^M26%^M27%^M28%^M29%^M30%^M31%^M32%^M33%^M34%^M35%^M36%^M37%^M38%^M39%^M40%^M41%^M42%^M43%^M44%^M45%^M46%^M47%^M48%^M49%^M50%^M51%^M52%^M53%^M54%^M55%^M56%^M57%^M58%^M59%^M60%^M61%^M62%^M63%^M64%^M65%^M66%^M67%^M68%^M69%^M70%^M71%^M72%^M73%^M74%^M75%^M76%^M77%^M78%^M79%^M80%^M81%^M82%^M83%^M84%^M85%^M86%^M87%^M88%^M89%^M90%^M91%^M92%^M93%^M94%^M95%^M96%^M97%^M98%^M99%^M100%
May  5 13:05:15 kernel: Reset the processors to start execution of the code in the on-chip memory
May  5 13:05:15 kernel: Verify that the processors are running: OK
May  5 13:05:15 kernel: Verify that the firmware has been loaded with good CRC: OK
May  5 13:05:15 kernel: Firmware loading completed successfully
May  5 13:05:15 kernel: BCMENET: Enabling Software GSO for eth0
May  5 13:05:15 kernel: NOTE: Using Port Grouping for IMP ports : [ 0 --> 4 ] [ 1, 2 --> 5 ] [ 3, 7 --> 8 ] 
May  5 13:05:15 kernel: LAG/Trunking enabled <0x08>
May  5 13:05:15 kernel: getrcal for res select 5, int 655, ext 636, ratio 124 ratio1 144, rcal 9
May  5 13:05:15 kernel: Setting SGMII Calibration value to 0x9
May  5 13:05:15 kernel:     PLL_PON(8051): 0x0250; TX_PON(8067): 0x0048; RX_PON(80b2): 0x0980
May  5 13:05:15 kernel: <IntnlDev>:   Up   1G <00:00:00:00:00:00> <IntSw P0, Logical 00> 
May  5 13:05:15 kernel: eth0      : Down      <24:4B:FE:D4:0A:58> <IntSw P3, Logical 03> 
May  5 13:05:15 kernel:       Chip Port 10, CrossBar Port 1, PHY_ID <0x0007f00c:0x0c: On-chip 1G GPHY> Cfg: ANG.1G; Down 
May  5 13:05:15 kernel: <IntnlDev>:   Up   1G <00:00:00:00:00:00> <IntSw P1, Logical 01> 
May  5 13:05:15 kernel: <IntnlDev>:   Up   1G <00:00:00:00:00:00> <IntSw P2, Logical 02> 
May  5 13:05:15 kernel: eth1      : Down      <24:4B:FE:D4:0A:58> <ExtSw P0, Logical 08> PHY_ID <0x0007f008:0x08: On-chip 1G GPHY> Cfg: ANG.1G; Down 
May  5 13:05:15 kernel: eth2      : Down      <24:4B:FE:D4:0A:58> <ExtSw P1, Logical 09> PHY_ID <0x0007f009:0x09: On-chip 1G GPHY> Cfg: ANG.1G; Down 
May  5 13:05:15 kernel: eth3      : Down      <24:4B:FE:D4:0A:58> <ExtSw P2, Logical 10> PHY_ID <0x0007f00a:0x0a: On-chip 1G GPHY> Cfg: ANG.1G; Down 
May  5 13:05:15 kernel: eth4      : Down      <24:4B:FE:D4:0A:58> <ExtSw P3, Logical 11> PHY_ID <0x0007f00b:0x0b: On-chip 1G GPHY> Cfg: ANG.1G; Down 
May  5 13:05:15 kernel: eth5      : Down      <24:4B:FE:D4:0A:58> <ExtSw P7, Logical 15> 
May  5 13:05:15 kernel:       Chip Port  9, CrossBar Port 0, PHY_ID <0x06100006:0x06: On-chip 2.5G SERDES> Cfg: ANG.2.5G; Down 
May  5 13:05:15 kernel:                                      PHY_ID <0x0388001e:0x1e:External Cascaded 10G EXT3> Cfg: ANG.2.5G; Down 
May  5 13:05:15 kernel: <IntnlDev>:   Up   1G <00:00:00:00:00:00> <ExtSw P4, Logical 12> 
May  5 13:05:15 kernel: <IntnlDev>:   Up 2.5G <00:00:00:00:00:00> <ExtSw P5, Logical 13> 
May  5 13:05:15 kernel: bcmswlpbk0:   Up 2.5G <24:4B:FE:D4:0A:58> <ExtSw P8, Logical 08> 
May  5 13:05:15 kernel: ===> Activate Deep Green Mode
May  5 13:05:15 kernel: bcmswlpbk0 (Ext switch port: 8) (Logical Port: 8) Virtual link DOWN
May  5 13:05:15 kernel: dgasp: kerSysRegisterDyingGaspHandler: bcmsw registered 
May  5 13:05:15 kernel: bcm_enet_init:L2460 ENET system contructed and configured enet-kthrd thread
May  5 13:05:15 kernel: enet_kthread_handler:L296 Instantiating ENET thread
May  5 13:05:15 kernel: ^[[0;34m[NTC bitpool] idx_pool_init: 551:PktRnr[0]:Create Index Pool_Size = 16512^[[0m
May  5 13:05:15 kernel: ^[[0;34m[NTC bitpool] idx_pool_init: 551:L2L3-ucast:Create Index Pool_Size = 16384^[[0m
May  5 13:05:15 kernel: Initialized Runner Host Layer
May  5 13:05:15 kernel: Initialized Runner Unicast Layer
May  5 13:05:15 kernel: Initialized Runner L2 Unicast Layer
May  5 13:05:15 kernel: ^[[0;34m[NTC bitpool] idx_pool_init: 551:mcast:Create Index Pool_Size = 128^[[0m
May  5 13:05:15 kernel: Initialized Runner Multicast Layer
May  5 13:05:15 kernel: ^[[0;34m[NTC bitpool] idx_pool_init: 551:FHW[0]:Create Index Pool_Size = 16512^[[0m
May  5 13:05:15 kernel: Retrieve num_fhw_path=64
May  5 13:05:15 kernel: ^[[0;36;44mPathstats allocated 2048 bytes^[[0m
May  5 13:05:15 kernel: ^[[0;36;44mBroadcom Packet Flow Cache HW acceleration enabled.^[[0m
May  5 13:05:15 kernel: Enabled Runner binding to Flow Cache
May  5 13:05:15 kernel: Initialized Runner Protocol Layer (800)
May  5 13:05:15 kernel: Broadcom Runner Blog Driver Char Driver v0.1 Registered <309>
May  5 13:05:15 kernel: Lservices Loaded - NComm, Inc.
May  5 13:05:15 kernel: exLinuxETH Loaded - NComm, Inc.
May  5 13:05:15 kernel: PCIe HCD (impl1)^M
May  5 13:05:15 kernel:   bcm963xx-pcie: [0] DT node available: /pcie@80040000
May  5 13:05:15 kernel:   bcm963xx-pcie: found port [0] GEN2 Core Rev [3.04] with 2 Lanes^M
May  5 13:05:15 kernel: getrcal for res select 5, int 655, ext 636, ratio 124 ratio1 144, rcal 9
May  5 13:05:15 kernel:   bcm963xx-pcie: Core [0] setting resistor calibration value to 0x9
May  5 13:05:15 kernel:   bcm963xx-pcie: core [0] Link UP - [2] lanes, [GEN2] speed^M
May  5 13:05:15 kernel:   bcm963xx-pcie: Core [0] Enabled PCIE/UBUS Error Interrupts^M
May  5 13:05:15 kernel:   bcm963xx-pcie: Core [0] UBUS Intr [UBUS_LINKUP]^M
May  5 13:05:15 kernel:   bcm963xx-pcie: [1] DT node available: /pcie@80050000
May  5 13:05:15 kernel:   bcm963xx-pcie: found port [1] GEN2 Core Rev [3.04] with 1 Lanes^M
May  5 13:05:15 kernel: getrcal for res select 5, int 655, ext 636, ratio 124 ratio1 144, rcal 9
May  5 13:05:15 kernel:   bcm963xx-pcie: Core [1] setting resistor calibration value to 0x9
May  5 13:05:15 kernel:   bcm963xx-pcie: core [1] Link UP - [1] lanes, [GEN2] speed^M
May  5 13:05:15 kernel:   bcm963xx-pcie: Core [1] Enabled PCIE/UBUS Error Interrupts^M
May  5 13:05:15 kernel:   bcm963xx-pcie: Core [1] UBUS Intr [UBUS_LINKUP]^M
May  5 13:05:15 kernel:   bcm963xx-pcie: [2] DT node available: /pcie@80060000
May  5 13:05:15 kernel:   bcm963xx-pcie: found port [2] GEN2 Core Rev [3.04] with 1 Lanes^M
May  5 13:05:15 kernel: getrcal for res select 5, int 655, ext 636, ratio 124 ratio1 144, rcal 9
May  5 13:05:15 kernel:   bcm963xx-pcie: Core [2] setting resistor calibration value to 0x9
May  5 13:05:15 kernel:   bcm963xx-pcie: core [2] link is DOWN^M
May  5 13:05:15 kernel:   bcm963xx-pcie: core [2] powered down^M
May  5 13:05:15 kernel: ^[[1m^[[34mWifi Forwarding Driver is initialized!^[[0m
May  5 13:05:15 kernel: broadcomThermalDrv brcm-therm: init (CPU count 4 4 4 4)
May  5 13:05:15 kernel: brcm_otp_init entry
May  5 13:05:15 kernel: ubi2: attaching mtd10
May  5 13:05:15 kernel: ubi2: scanning is finished
May  5 13:05:15 kernel: ubi2: attached mtd10 (name "misc1", size 8 MiB)
May  5 13:05:15 kernel: ubi2: PEB size: 131072 bytes (128 KiB), LEB size: 126976 bytes
May  5 13:05:15 kernel: ubi2: min./max. I/O unit sizes: 2048/2048, sub-page size 2048
May  5 13:05:15 kernel: ubi2: VID header offset: 2048 (aligned 2048), data offset: 4096
May  5 13:05:15 kernel: ubi2: good PEBs: 64, bad PEBs: 0, corrupted PEBs: 0
May  5 13:05:15 kernel: ubi2: user volume: 1, internal volumes: 1, max. volumes count: 128
May  5 13:05:15 kernel: ubi2: max/mean erase counter: 15/5, WL threshold: 4096, image sequence number: 1725884149
May  5 13:05:15 kernel: ubi2: available PEBs: 0, total reserved PEBs: 64, PEBs reserved for bad PEB handling: 4
May  5 13:05:15 kernel: ubi2: background thread "ubi_bgt2d" started, PID 382
May  5 13:05:15 kernel: UBIFS (ubi2:0): background thread "ubifs_bgt2_0" started, PID 397
May  5 13:05:15 kernel: UBIFS (ubi2:0): UBIFS: mounted UBI device 2, volume 0, name "nvram"
May  5 13:05:15 kernel: UBIFS (ubi2:0): LEB size: 126976 bytes (124 KiB), min./max. I/O unit sizes: 2048 bytes/2048 bytes
May  5 13:05:15 kernel: UBIFS (ubi2:0): FS size: 5840896 bytes (5 MiB, 46 LEBs), journal size 1396736 bytes (1 MiB, 11 LEBs)
May  5 13:05:15 kernel: UBIFS (ubi2:0): reserved for root: 0 bytes (0 KiB)
May  5 13:05:15 kernel: UBIFS (ubi2:0): media format: w4/r0 (latest is w4/r0), UUID 4B2A44DD-417E-46D8-97CE-24D278768884, small LPT model
May  5 13:05:15 kernel: UBIFS (ubi2:0): un-mount UBI device 2
May  5 13:05:15 kernel: UBIFS (ubi2:0): background thread "ubifs_bgt2_0" stops
May  5 13:05:15 kernel: ubi2: detaching mtd10
May  5 13:05:15 kernel: ubi2: mtd10 is detached
May  5 13:05:15 kernel: random: init urandom read with 8 bits of entropy available
May  5 13:05:15 kernel: Loading HND Module
May  5 13:05:15 kernel: igs_module_init:867:	 IGS 29 create network socket successful
May  5 13:05:15 kernel: dpsta_init: 17.10.157.2809 (r801046) 3a6a0ab Sep 15 2021 18:25:02 msglevel 0x1
May  5 13:05:15 kernel: osl_skb_audit: PASS 
May  5 13:05:15 kernel: wl_module_init: passivemode set to 0x1
May  5 13:05:15 kernel: wl_module_init: txworkq set to 0x0
May  5 13:05:15 kernel: ^[[0;32mwl_pktfwd_sys_init:  ^[[1m^[[34mWL_PKTFWD[1.1.0]^[[0m Success^[[0m
May  5 13:05:15 kernel: BME Service Initialization
May  5 13:05:15 kernel: BME: M2M Core id 0x844 rev 129
May  5 13:05:15 kernel: M2M Service Initialization: M2M_DD_ENAB 0x00000003
May  5 13:05:15 kernel: M2M: M2M Core id 0x844 rev 129
May  5 13:05:15 kernel: M2M: SUCCESS eng 0 alloc rings <ffffffc02fa58000,ffffffc0327c4000>,ffffffc02de74000 depth 256
May  5 13:05:15 kernel: M2M: SUCCESS eng 1 alloc rings <ffffffc02f7c8000,ffffffc02f702000>,ffffffc02de6b000 depth 256
May  5 13:05:15 kernel: M2M: DMA 0 IntRcvLazy 01000000
May  5 13:05:15 kernel: M2M: DMA 0 RcvCtrl XmtCtrl enabled
May  5 13:05:15 kernel: M2M: DMA 1 IntRcvLazy 01000000
May  5 13:05:15 kernel: M2M: DMA 1 RcvCtrl XmtCtrl enabled
May  5 13:05:15 kernel: wl0: phy_radio_attach: RF Band Cap: 2G:1 5G:1
May  5 13:05:15 kernel: BME:register key<1010802> user RLM sel IDX set 1 mem 2 8 hi 0 0
May  5 13:05:15 kernel: wl0 taf_do_enable: TAF is enabled
May  5 13:05:15 kernel: CSIMON module registered
May  5 13:05:15 kernel: wfd0-thrd WL 0 FLowControl total<57195> lo<14298> hi<5719> favor prio<4>
May  5 13:05:15 kernel: ^[[0;31mwfd_bind: wfd0-thrd initialized pktlists: radio 0 nodes 1032 xfer wl_pktfwd_xfer_callback+0x0/0x440 [wl]
May  5 13:05:15 kernel: ^[[0m
May  5 13:05:15 kernel: Creating CPU ring for queue number 0 with 1024 packets descriptor=0xffffffbffc5d32c0
May  5 13:05:15 kernel:  Creating CPU ring for queue number 1 with 1024 packets descriptor=0xffffffbffc5d3300
May  5 13:05:15 kernel:  ^[[1m^[[34m wfd_bind: Dev eth%d wfd_idx 0 wl_radio_idx 0 Type skb:sll configured WFD thread wfd0-thrd minQId/maxQId (8/9), status (0) qmask 0x3^[[0m
May  5 13:05:15 kernel: Instantiating WFD 0 thread
May  5 13:05:15 kernel: ^[[0;32mwl_wfd_bind: wl0 wfd_idx 0 success^[[0m
May  5 13:05:15 kernel: wfd_registerdevice Successfully registered dev eth6 ifidx 0 wfd_idx 0
May  5 13:05:15 kernel: eth6: Broadcom BCM6710 802.11 Wireless Controller 17.10.157.2809 (r801046)
May  5 13:05:15 kernel: DHD_FKB_POOL size is:1280 and entry size:2816
May  5 13:05:15 kernel: DHD_PKTTAG POOL size is:2592 and entry size:128
May  5 13:05:15 kernel: ^[[0;32mdhd_pktfwd_sys_init:  ^[[1m^[[34mdhd_PKTFWD[1.0.0]^[[0m Success^[[0m
May  5 13:05:15 kernel: PCI_PROBE:  bus 1, slot 0,vendor 14E4, device AAA4(good PCI location)
May  5 13:05:15 kernel: dor1: runner supported ring format types TxP 0x5, RxP 0x3 TxC 0x3 RxC 0x3^M
May  5 13:05:15 kernel: dhd_runner_attach: Tx Offload - Enabled, Ring Size = 1024
May  5 13:05:15 kernel: dhd_runner_attach: Rx Offload - Enabled, Ring Size = 1024
May  5 13:05:15 kernel: TX wakeup info: reg = <0x82299004>, val = <0x11000000>
May  5 13:05:15 kernel: RX wakeup info: reg = <0x8229a004>, val = <0x29000000>
May  5 13:05:15 kernel: dhd_attach(): thread:dhd_watchdog_thread:3b5 started
May  5 13:05:15 kernel: ^[[0;31mwfd_bind: wfd1-thrd initialized pktlists: radio 1 nodes 1032 xfer dhd_pktfwd_xfer_callback+0x0/0x7f0 [dhd]
May  5 13:05:15 kernel: ^[[0m
May  5 13:05:15 kernel: Creating CPU ring for queue number 2 with 1024 packets descriptor=0xffffffbffc5d3340
May  5 13:05:15 kernel:  Creating CPU ring for queue number 3 with 1024 packets descriptor=0xffffffbffc5d3380
May  5 13:05:15 kernel:  ^[[1m^[[34m wfd_bind: Dev eth%d wfd_idx 1 wl_radio_idx 1 Type fkb:sll configured WFD thread wfd1-thrd minQId/maxQId (10/11), status (0) qmask 0xc^[[0m
May  5 13:05:15 kernel: Instantiating WFD 1 thread
May  5 13:05:15 kernel: ^[[0;32mdhd_wfd_bind: wl1 wfd_idx 1 success^[[0m
May  5 13:05:15 kernel: dor1: MSG Ring format set to 1
May  5 13:05:15 kernel: dhd_runner_flowmgr_init: dhd1_rnr bootmem addr<ffffffc00a900000> size<11534336>
May  5 13:05:15 kernel: dhd_runner_profile_init: profile = 3 1024/0512 2048/1024 1024/0512 0512/0512 0512/0512
May  5 13:05:15 kernel: ^[[0;33;40mRunner DHD PCIE: vendor<0x14e4> device<0xaaa4> bus<1> slot<0>^[[0m
May  5 13:05:15 kernel: Initial configuration
May  5 13:05:15 kernel: =================================
May  5 13:05:15 kernel: 	rx_post_flow_ring_base_addr : ffffffc02d012000
May  5 13:05:15 kernel: 	tx_post_flow_ring_base_addr : ffffffc00a8d8000
May  5 13:05:15 kernel: 	rx_complete_flow_ring_base_addr : ffffffc02d0a2000
May  5 13:05:15 kernel: 	tx_complete_flow_ring_base_addr : ffffffc02d0a0000
May  5 13:05:15 kernel: 	r2d_wr_arr_base_addr : ffffff80024b9000
May  5 13:05:15 kernel: 	d2r_rd_arr_base_addr : ffffff80024b9802
May  5 13:05:15 kernel: 	r2d_rd_arr_base_addr : ffffff80024ba000
May  5 13:05:15 kernel: 	d2r_wr_arr_base_addr : ffffff80024b9c02
May  5 13:05:15 kernel: 	tx_post_mgmt_arr_base_addr : ffffff80024ba800
May  5 13:05:15 kernel: 	tx_post_mgmt_arr_base_phys_addr : 0x2e351800
May  5 13:05:15 kernel: 	r2d_wr_arr_base_phys_addr : 0x2e350000
May  5 13:05:15 kernel: 	d2r_rd_arr_base_phys_addr : 0x2e350802
May  5 13:05:15 kernel: 	r2d_rd_arr_base_phys_addr : 0x2e351000
May  5 13:05:15 kernel: 	d2r_wr_arr_base_phys_addr : 0x2e350c02
May  5 13:05:15 kernel: 	Doorbell Post Wakeup register : phy_addr: 0xc0802160, virt_addr: ffffff80024b2160
May  5 13:05:15 kernel: 	Doorbell Complete Wakeup register : phy_addr: 0xc0802164, virt_addr: ffffff80024b2164
May  5 13:05:15 kernel: 	Doorbell ISR : ffffffbffcf553a0
May  5 13:05:15 kernel: 	Doorbell CTX : ffffffc02f071400
May  5 13:05:15 kernel: 	flow_ring_format : 1
May  5 13:05:15 kernel: 	idma_active : 1
May  5 13:05:15 kernel: Backup queue configuration:
May  5 13:05:15 kernel: ========================================
May  5 13:05:15 kernel: Base virt address = ffffffc00df00000, physical address =  DF00000
May  5 13:05:15 kernel: Index stack virt address = ffffffc00dfe38c0, physical address =  DFE38C0
May  5 13:05:15 kernel: Backup queue entries: total = 58250  shared by all radios
May  5 13:05:15 kernel: ========================================
May  5 13:05:15 kernel: Creating CPU ring for queue number 1 with 128 packets descriptor=0xffffffbffc303f08, size_of_entry 16
May  5 13:05:15 kernel: Done initializing Ring 1 Base=0xffffff80003e3000 End=0xffffff80003e3800 calculated entries= 128 RDD Base=3e012000K descriptor=0xffffffbffc303f08
May  5 13:05:15 kernel: ^[[0;33;40mRunner DHD Offload initialization complete^[[0m
May  5 13:05:15 kernel: CUR_ETHERADDR : 6 
May  5 13:05:15 kernel: 24 4b fe d4 0a 5c 
May  5 13:05:15 kernel: Dongle Host Driver, version 17.10.157.2809 (r801046)
May  5 13:05:15 kernel: Compiled in drivers/net/wireless/bcmdhd
May  5 13:05:15 kernel: wfd_registerdevice Successfully registered dev eth7 ifidx 0 wfd_idx 1
May  5 13:05:15 kernel: Register interface [eth7]  MAC: 24:4b:fe:d4:0a:5c
May  5 13:05:15 kernel: <=== Deactivate Deep Green Mode
May  5 13:05:15 kernel: bcmswlpbk0 (Ext switch port: 8) (Logical Port: 8) Virtual link UP
May  5 13:05:15 kernel: eth0 (Int switch port: 3) (Logical Port: 3) (phyId: c) Link Up at 1000 mbps full duplex
May  5 13:05:15 kernel: proc_dostring_crashlogsave:  crash log filename is /jffs/crashlog.log
May  5 13:05:15 kernel: crashFileSet: log signature invalid ! 
May  5 13:05:15 kernel: ret 0 retlen 65536 buff <6>ehci-platform ehci-platform.0: irq 28, io mem 0x8000c300
May  5 13:05:15 kernel: CSIMON:  CSIMON[1.1.0] Initialization
May  5 13:05:16 kernel: wfd_registerdevice Successfully registered dev wl0.1 ifidx 1 wfd_idx 0
May  5 13:05:16 kernel: wfd_registerdevice Successfully registered dev wl0.2 ifidx 2 wfd_idx 0
May  5 13:05:16 kernel: wl0 taf_do_enable: TAF is disabled
May  5 13:05:16 kernel: CSIMON:  CSIMON[1.1.0] Initialization
May  5 13:05:16 kernel: CSIMON: M2M usr already registered ...
May  5 13:05:16 kernel: Interface eth%d doesn't exist
May  5 13:05:16 kernel: could not find igs interface!
May  5 13:05:16 kernel: IGMP Query send failed
May  5 13:05:16 kernel: CSIMON:  CSIMON[1.1.0] Initialization
May  5 13:05:16 kernel: CSIMON: M2M usr already registered ...
May  5 13:05:16 kernel: CSIMON:  CSIMON[1.1.0] Initialization
May  5 13:05:16 kernel: CSIMON: M2M usr already registered ...
May  5 13:05:16 kernel: netdev path : eth6.0 -> eth6
May  5 13:05:16 kernel: BCMVLAN : eth6 mode was set to RG
May  5 13:05:16 kernel: netdev path : eth6.501 -> eth6
May  5 13:05:16 kernel: BCMVLAN : eth6 mode was set to RG
May  5 13:05:16 kernel: netdev path : eth7.0 -> eth7
May  5 13:05:16 kernel: BCMVLAN : eth7 mode was set to RG
May  5 13:05:16 kernel: netdev path : eth7.501 -> eth7
May  5 13:05:16 kernel: BCMVLAN : eth7 mode was set to RG
May  5 13:05:16 kernel: ^[[0;33;41m[ERROR vlan] registerVlanDeviceByName,415: Failed to REGISTER VLAN Device eth6.501^[[0m
May  5 13:05:16 kernel: ^[[0;33;41m[ERROR vlan] vlanIoctl ,639: Failed to create VLAN device (eth6, eth6.501)^[[0m
May  5 13:05:16 kernel: ^[[0;33;41m[ERROR vlan] registerVlanDeviceByName,415: Failed to REGISTER VLAN Device eth7.501^[[0m
May  5 13:05:16 kernel: ^[[0;33;41m[ERROR vlan] vlanIoctl ,639: Failed to create VLAN device (eth7, eth7.501)^[[0m
May  5 13:05:18 haveged: haveged starting up
May  5 13:05:18 kernel: CSIMON:  CSIMON[1.1.0] Initialization
May  5 13:05:18 kernel: CSIMON: M2M usr already registered ...
May  5 13:05:19 acsd: eth6: Selecting 2g band ACS policy
May  5 13:05:19 wlceventd: main(1239): wlceventd Start...
May  5 13:05:19 acsd: acsd_main_loop(1174): sync_id: 36424, status:1, misc.error/abort
May  5 13:05:19 kernel: eth2 (Ext switch port: 1) (Logical Port: 9) (phyId: 9) Link Up at 1000 mbps full duplex
May  5 13:05:19 acsd: acs_candidate_score_busy(1060): eth6: busy check failed for chanspec: 0x1803 (1l)
May  5 13:05:19 acsd: acs_candidate_score_intf(1112): eth6: intf check failed for chanspec: 0x1803 (1l)
May  5 13:05:19 acsd: acs_candidate_score_bgnoise(1577): eth6: bgnoise check failed for chanspec: 0x1803 (1l)
May  5 13:05:19 acsd: acs_candidate_score_txop(1835): eth6: txop check failed for chanspec: 0x1803 (1l)
May  5 13:05:19 acsd: acs_candidate_score_cns(1671): eth6: knoise check failed for chanspec: 0x1803 (1l)
May  5 13:05:19 acsd: acs_candidate_score_busy(1060): eth6: busy check failed for chanspec: 0x1903 (5u)
May  5 13:05:19 acsd: acs_candidate_score_intf(1112): eth6: intf check failed for chanspec: 0x1903 (5u)
May  5 13:05:19 acsd: acs_candidate_score_bgnoise(1577): eth6: bgnoise check failed for chanspec: 0x1903 (5u)
May  5 13:05:19 acsd: acs_candidate_score_txop(1835): eth6: txop check failed for chanspec: 0x1903 (5u)
May  5 13:05:19 acsd: acs_candidate_score_cns(1671): eth6: knoise check failed for chanspec: 0x1903 (5u)
May  5 13:05:19 acsd: acs_candidate_score_busy(1060): eth6: busy check failed for chanspec: 0x1804 (2l)
May  5 13:05:19 acsd: acs_candidate_score_intf(1112): eth6: intf check failed for chanspec: 0x1804 (2l)
May  5 13:05:19 acsd: acs_candidate_score_bgnoise(1577): eth6: bgnoise check failed for chanspec: 0x1804 (2l)
May  5 13:05:19 acsd: acs_candidate_score_txop(1835): eth6: txop check failed for chanspec: 0x1804 (2l)
May  5 13:05:19 acsd: acs_candidate_score_cns(1671): eth6: knoise check failed for chanspec: 0x1804 (2l)
May  5 13:05:19 acsd: acs_candidate_score_busy(1060): eth6: busy check failed for chanspec: 0x1904 (6u)
May  5 13:05:19 acsd: acs_candidate_score_intf(1112): eth6: intf check failed for chanspec: 0x1904 (6u)
May  5 13:05:19 acsd: acs_candidate_score_bgnoise(1577): eth6: bgnoise check failed for chanspec: 0x1904 (6u)
May  5 13:05:19 acsd: acs_candidate_score_txop(1835): eth6: txop check failed for chanspec: 0x1904 (6u)
May  5 13:05:19 acsd: acs_candidate_score_cns(1671): eth6: knoise check failed for chanspec: 0x1904 (6u)
May  5 13:05:19 acsd: acs_candidate_score_busy(1060): eth6: busy check failed for chanspec: 0x1805 (3l)
May  5 13:05:19 acsd: acs_candidate_score_intf(1112): eth6: intf check failed for chanspec: 0x1805 (3l)
May  5 13:05:19 acsd: acs_candidate_score_bgnoise(1577): eth6: bgnoise check failed for chanspec: 0x1805 (3l)
May  5 13:05:19 acsd: acs_candidate_score_txop(1835): eth6: txop check failed for chanspec: 0x1805 (3l)
May  5 13:05:19 acsd: acs_candidate_score_cns(1671): eth6: knoise check failed for chanspec: 0x1805 (3l)
May  5 13:05:19 acsd: acs_candidate_score_busy(1060): eth6: busy check failed for chanspec: 0x1905 (7u)
May  5 13:05:19 acsd: acs_candidate_score_intf(1112): eth6: intf check failed for chanspec: 0x1905 (7u)
May  5 13:05:19 acsd: acs_candidate_score_bgnoise(1577): eth6: bgnoise check failed for chanspec: 0x1905 (7u)
May  5 13:05:19 acsd: acs_candidate_score_txop(1835): eth6: txop check failed for chanspec: 0x1905 (7u)
May  5 13:05:19 acsd: acs_candidate_score_cns(1671): eth6: knoise check failed for chanspec: 0x1905 (7u)
May  5 13:05:19 acsd: acs_candidate_score_busy(1060): eth6: busy check failed for chanspec: 0x1806 (4l)
May  5 13:05:19 acsd: acs_candidate_score_intf(1112): eth6: intf check failed for chanspec: 0x1806 (4l)
May  5 13:05:19 acsd: acs_candidate_score_bgnoise(1577): eth6: bgnoise check failed for chanspec: 0x1806 (4l)
May  5 13:05:19 acsd: acs_candidate_score_txop(1835): eth6: txop check failed for chanspec: 0x1806 (4l)
May  5 13:05:19 acsd: acs_candidate_score_cns(1671): eth6: knoise check failed for chanspec: 0x1806 (4l)
May  5 13:05:19 acsd: acs_candidate_score_busy(1060): eth6: busy check failed for chanspec: 0x1906 (8u)
May  5 13:05:19 acsd: acs_candidate_score_intf(1112): eth6: intf check failed for chanspec: 0x1906 (8u)
May  5 13:05:19 acsd: acs_candidate_score_bgnoise(1577): eth6: bgnoise check failed for chanspec: 0x1906 (8u)
May  5 13:05:19 acsd: acs_candidate_score_txop(1835): eth6: txop check failed for chanspec: 0x1906 (8u)
May  5 13:05:19 acsd: acs_candidate_score_cns(1671): eth6: knoise check failed for chanspec: 0x1906 (8u)
May  5 13:05:19 acsd: acs_candidate_score_busy(1060): eth6: busy check failed for chanspec: 0x1807 (5l)
May  5 13:05:19 acsd: acs_candidate_score_intf(1112): eth6: intf check failed for chanspec: 0x1807 (5l)
May  5 13:05:19 acsd: acs_candidate_score_bgnoise(1577): eth6: bgnoise check failed for chanspec: 0x1807 (5l)
May  5 13:05:19 acsd: acs_candidate_score_txop(1835): eth6: txop check failed for chanspec: 0x1807 (5l)
May  5 13:05:19 kernel: eth3 (Ext switch port: 2) (Logical Port: 10) (phyId: a) Link Up at 1000 mbps full duplex
May  5 13:05:19 Let's_Encrypt: Err, internet disconnected.
May  5 13:05:19 avahi-daemon[1948]: WARNING: No NSS support for mDNS detected, consider installing nss-mdns!
May  5 13:05:19 RT-AX86U: start https:8443
May  5 13:05:19 RT-AX86U: start httpd:80
May  5 13:05:19 acsd: acs_candidate_score_cns(1671): eth6: knoise check failed for chanspec: 0x1807 (5l)
May  5 13:05:19 acsd: acs_candidate_score_busy(1060): eth6: busy check failed for chanspec: 0x1907 (9u)
May  5 13:05:19 acsd: acs_candidate_score_intf(1112): eth6: intf check failed for chanspec: 0x1907 (9u)
May  5 13:05:19 acsd: acs_candidate_score_bgnoise(1577): eth6: bgnoise check failed for chanspec: 0x1907 (9u)
May  5 13:05:19 acsd: acs_candidate_score_txop(1835): eth6: txop check failed for chanspec: 0x1907 (9u)
May  5 13:05:19 acsd: acs_candidate_score_cns(1671): eth6: knoise check failed for chanspec: 0x1907 (9u)
May  5 13:05:19 acsd: acs_candidate_score_busy(1060): eth6: busy check failed for chanspec: 0x1808 (6l)
May  5 13:05:19 acsd: acs_candidate_score_intf(1112): eth6: intf check failed for chanspec: 0x1808 (6l)
May  5 13:05:19 acsd: acs_candidate_score_bgnoise(1577): eth6: bgnoise check failed for chanspec: 0x1808 (6l)
May  5 13:05:19 acsd: acs_candidate_score_txop(1835): eth6: txop check failed for chanspec: 0x1808 (6l)
May  5 13:05:19 acsd: acs_candidate_score_cns(1671): eth6: knoise check failed for chanspec: 0x1808 (6l)
May  5 13:05:19 acsd: acs_candidate_score_busy(1060): eth6: busy check failed for chanspec: 0x1908 (10u)
May  5 13:05:19 acsd: acs_candidate_score_intf(1112): eth6: intf check failed for chanspec: 0x1908 (10u)
May  5 13:05:19 acsd: acs_candidate_score_bgnoise(1577): eth6: bgnoise check failed for chanspec: 0x1908 (10u)
May  5 13:05:19 acsd: acs_candidate_score_txop(1835): eth6: txop check failed for chanspec: 0x1908 (10u)
May  5 13:05:19 acsd: acs_candidate_score_cns(1671): eth6: knoise check failed for chanspec: 0x1908 (10u)
May  5 13:05:19 acsd: acs_candidate_score_busy(1060): eth6: busy check failed for chanspec: 0x1809 (7l)
May  5 13:05:19 acsd: acs_candidate_score_intf(1112): eth6: intf check failed for chanspec: 0x1809 (7l)
May  5 13:05:19 acsd: acs_candidate_score_bgnoise(1577): eth6: bgnoise check failed for chanspec: 0x1809 (7l)
May  5 13:05:19 acsd: acs_candidate_score_txop(1835): eth6: txop check failed for chanspec: 0x1809 (7l)
May  5 13:05:19 acsd: acs_candidate_score_cns(1671): eth6: knoise check failed for chanspec: 0x1809 (7l)
May  5 13:05:19 acsd: acs_candidate_score_busy(1060): eth6: busy check failed for chanspec: 0x1909 (11u)
May  5 13:05:19 acsd: acs_candidate_score_intf(1112): eth6: intf check failed for chanspec: 0x1909 (11u)
May  5 13:05:19 acsd: acs_candidate_score_bgnoise(1577): eth6: bgnoise check failed for chanspec: 0x1909 (11u)
May  5 13:05:19 acsd: acs_candidate_score_txop(1835): eth6: txop check failed for chanspec: 0x1909 (11u)
May  5 13:05:19 acsd: acs_candidate_score_cns(1671): eth6: knoise check failed for chanspec: 0x1909 (11u)
May  5 13:05:19 acsd: acs_candidate_score_busy(1060): eth6: busy check failed for chanspec: 0x180a (8l)
May  5 13:05:19 acsd: acs_candidate_score_intf(1112): eth6: intf check failed for chanspec: 0x180a (8l)
May  5 13:05:19 acsd: acs_candidate_score_bgnoise(1577): eth6: bgnoise check failed for chanspec: 0x180a (8l)
May  5 13:05:19 acsd: acs_candidate_score_txop(1835): eth6: txop check failed for chanspec: 0x180a (8l)
May  5 13:05:19 acsd: acs_candidate_score_cns(1671): eth6: knoise check failed for chanspec: 0x180a (8l)
May  5 13:05:19 acsd: acs_candidate_score_busy(1060): eth6: busy check failed for chanspec: 0x190a (12u)
May  5 13:05:19 acsd: acs_candidate_score_intf(1112): eth6: intf check failed for chanspec: 0x190a (12u)
May  5 13:05:19 acsd: acs_candidate_score_bgnoise(1577): eth6: bgnoise check failed for chanspec: 0x190a (12u)
May  5 13:05:19 acsd: acs_candidate_score_txop(1835): eth6: txop check failed for chanspec: 0x190a (12u)
May  5 13:05:19 acsd: acs_candidate_score_cns(1671): eth6: knoise check failed for chanspec: 0x190a (12u)
May  5 13:05:19 acsd: acs_candidate_score_busy(1060): eth6: busy check failed for chanspec: 0x180b (9l)
May  5 13:05:19 acsd: acs_candidate_score_intf(1112): eth6: intf check failed for chanspec: 0x180b (9l)
May  5 13:05:19 acsd: acs_candidate_score_bgnoise(1577): eth6: bgnoise check failed for chanspec: 0x180b (9l)
May  5 13:05:19 acsd: acs_candidate_score_txop(1835): eth6: txop check failed for chanspec: 0x180b (9l)
May  5 13:05:19 acsd: acs_candidate_score_cns(1671): eth6: knoise check failed for chanspec: 0x180b (9l)
May  5 13:05:19 acsd: acs_candidate_score_busy(1060): eth6: busy check failed for chanspec: 0x190b (13u)
May  5 13:05:19 disk_monitor: be idle
May  5 13:05:19 WEBDAV_server: daemon is started
May  5 13:05:19 hour_monitor: daemon is starting
May  5 13:05:19 hour_monitor: daemon terminates
May  5 13:05:19 Mastiff: init
May  5 13:05:19 Samba_Server: daemon is started
May  5 13:05:19 jffs2: valid logs(1)
May  5 13:05:19 wsdd2[2037]: error: wsdd-mcast-v4: wsd_send_soap_msg: send
May  5 13:05:20 acsd: acs_candidate_score_intf(1112): eth6: intf check failed for chanspec: 0x190b (13u)
May  5 13:05:20 acsd: acs_candidate_score_bgnoise(1577): eth6: bgnoise check failed for chanspec: 0x190b (13u)
May  5 13:05:20 acsd: acs_candidate_score_txop(1835): eth6: txop check failed for chanspec: 0x190b (13u)
May  5 13:05:20 acsd: acs_candidate_score_cns(1671): eth6: knoise check failed for chanspec: 0x190b (13u)
May  5 13:05:20 acsd: eth6: selected channel spec: 0x1803 (1l)
May  5 13:05:20 acsd: eth6: Adjusted channel spec: 0x1803 (1l)
May  5 13:05:20 acsd: eth6: selected channel spec: 0x1803 (1l)
May  5 13:05:20 acsd: acs_set_chspec: 0x1803 (1l) for reason APCS_INIT
May  5 13:05:20 acsd: eth7: Selecting 5g band ACS policy
May  5 13:05:20 avahi-daemon[1948]: Alias name RT-AX86U: avahi_server_add_cname failure: The requested operation is invalid because redundant
May  5 13:05:20 lldpd[2057]: cannot get ethtool link information with GLINKSETTINGS (requires 4.9+): Operation not permitted
May  5 13:05:20 wsdd2[2037]: error: wsdd-mcast-v4: wsd_send_soap_msg: send
May  5 13:05:22 custom_script: Running /jffs/scripts/services-start
May  5 13:05:22 admin: []-[ks-services-start.sh]: /koolshare/init.d/V01softok.sh
May  5 13:05:22 admin: []-[V01softok.sh]: skipd
May  5 13:05:22 admin: []-[V01softok.sh]: httpdb
May  5 13:05:22 rc_service: udhcpc_wan 2124:notify_rc start_rdisc6
May  5 13:05:22 rc_service: udhcpc_wan 2124:notify_rc start_dhcp6c
May  5 13:05:22 rc_service: waitting "start_rdisc6" via udhcpc_wan ...
May  5 13:05:22 kernel: SCSI subsystem initialized
May  5 13:05:22 kernel: scsi 0:0:0:0: Direct-Access     TO Exter nal USB 3.0      0104 PQ: 0 ANSI: 6
May  5 13:05:22 kernel: sd 0:0:0:0: [sda] 7814037168 512-byte logical blocks: (4.00 TB/3.64 TiB)
May  5 13:05:22 kernel: sd 0:0:0:0: [sda] 4096-byte physical blocks
May  5 13:05:22 kernel: sd 0:0:0:0: Attached scsi generic sg0 type 0
May  5 13:05:22 kernel: sd 0:0:0:0: [sda] Write Protect is off
May  5 13:05:22 kernel: sd 0:0:0:0: [sda] Write cache: enabled, read cache: enabled, doesn't support DPO or FUA
May  5 13:05:22 acsd: acs_candidate_score_intf(1112): eth7: intf check failed for chanspec: 0xe832 (36/160)
May  5 13:05:22 acsd: acs_candidate_score_bgnoise(1577): eth7: bgnoise check failed for chanspec: 0xe832 (36/160)
May  5 13:05:22 acsd: acs_candidate_score_txop(1835): eth7: txop check failed for chanspec: 0xe832 (36/160)
May  5 13:05:22 acsd: acs_candidate_score_intf(1112): eth7: intf check failed for chanspec: 0xe932 (40/160)
May  5 13:05:22 acsd: acs_candidate_score_bgnoise(1577): eth7: bgnoise check failed for chanspec: 0xe932 (40/160)
May  5 13:05:22 acsd: acs_candidate_score_txop(1835): eth7: txop check failed for chanspec: 0xe932 (40/160)
May  5 13:05:22 acsd: acs_candidate_score_intf(1112): eth7: intf check failed for chanspec: 0xea32 (44/160)
May  5 13:05:22 acsd: acs_candidate_score_bgnoise(1577): eth7: bgnoise check failed for chanspec: 0xea32 (44/160)
May  5 13:05:22 acsd: acs_candidate_score_txop(1835): eth7: txop check failed for chanspec: 0xea32 (44/160)
May  5 13:05:22 acsd: acs_candidate_score_intf(1112): eth7: intf check failed for chanspec: 0xeb32 (48/160)
May  5 13:05:22 acsd: acs_candidate_score_bgnoise(1577): eth7: bgnoise check failed for chanspec: 0xeb32 (48/160)
May  5 13:05:22 acsd: acs_candidate_score_txop(1835): eth7: txop check failed for chanspec: 0xeb32 (48/160)
May  5 13:05:22 acsd: eth7: selected channel spec: 0xe09b (149/80)
May  5 13:05:22 acsd: eth7: Adjusted channel spec: 0xe09b (149/80)
May  5 13:05:22 acsd: eth7: selected channel spec: 0xe09b (149/80)
May  5 13:05:22 acsd: acs_set_chspec: 0xe09b (149/80) for reason APCS_INIT
May  5 13:05:25 wlceventd: wlceventd_proc_event(685): wl0.2: Auth CC:B5:D1:70:83:53, status: Successful (0), rssi:0
May  5 13:05:25 wlceventd: wlceventd_proc_event(722): wl0.2: Assoc CC:B5:D1:70:83:53, status: Successful (0), rssi:-54
May  5 13:05:27 wlceventd: wlceventd_proc_event(685): wl0.1: Auth 44:23:7C:D5:0D:1F, status: Successful (0), rssi:0
May  5 13:05:27 wlceventd: wlceventd_proc_event(722): wl0.1: Assoc 44:23:7C:D5:0D:1F, status: Successful (0), rssi:-50
May  5 13:05:29 BONDING: option disabled
May  5 13:05:30 roamast: ROAMING Start...
May  5 13:05:30 kernel: sd 0:0:0:0: [sda] Attached SCSI disk
May  5 13:05:30 httpd: Succeed to init SSL certificate...8443
May  5 13:05:30 httpd: Succeed to init SSL certificate...80
May  5 13:05:30 kernel: tfat: loading out-of-tree module taints kernel.
May  5 13:05:30 init: fwver: 3.0.0.4_388.4_0 (sn: /ha:24:4B:FE:D4:0A:58 )
May  5 13:05:31 custom_script: Running /jffs/scripts/wan-start (args: 0)
May  5 13:05:31 admin: []-[ks-wan-start.sh]: /koolshare/init.d/S01softok.sh start
May  5 13:05:31 admin: []-[S01softok.sh]: skipd
May  5 13:05:31 custom_script: Running /jffs/scripts/nat-start
May  5 13:05:31 admin: []-[ks-nat-start.sh]: /koolshare/init.d/N99rustdesk.sh start_nat
May  5 13:05:31 admin: []-[S01softok.sh]: httpdb
May  5 13:05:31 admin: []-[ks-wan-start.sh]: /koolshare/init.d/S99rustdesk.sh start
May  5 13:05:31 admin: [-NAT]: RustDesk Server
May  5 13:05:31 wan: finish adding multi routes
May  5 13:05:31 rc_service: udhcpc_wan 2124:notify_rc stop_ntpd
May  5 13:05:31 rc_service: udhcpc_wan 2124:notify_rc start_ntpd
May  5 13:05:31 rc_service: waitting "stop_ntpd" via udhcpc_wan ...
May  5 13:05:32 rc_service: cfg_server 2070:notify_rc start_bsd
May  5 13:05:32 ntpd: Started ntpd
May  5 13:05:33 wlceventd: wlceventd_proc_event(685): wl0.2: Auth 5C:E5:0C:32:B1:7D, status: Successful (0), rssi:0
May  5 13:05:33 wlceventd: wlceventd_proc_event(722): wl0.2: Assoc 5C:E5:0C:32:B1:7D, status: Successful (0), rssi:-51
May  5 13:05:37 wlceventd: wlceventd_proc_event(685): eth7: Auth 70:48:0F:C9:73:2D, status: Successful (0), rssi:0
May  5 13:05:37 wlceventd: wlceventd_proc_event(722): eth7: Assoc 70:48:0F:C9:73:2D, status: Successful (0), rssi:-77
May  5 13:05:37 wlceventd: wlceventd_proc_event(662): eth7: Disassoc 70:48:0F:C9:73:2D, status: 0, reason: Disassociated because sending station is leaving (or has left) BSS (8), rssi:0
May  5 13:05:37 wlceventd: wlceventd_proc_event(662): eth7: Disassoc 70:48:0F:C9:73:2D, status: 0, reason: Disassociated because sending station is leaving (or has left) BSS (8), rssi:0
May  5 13:05:38 usb: USB ntfs fs at /dev/sda1 mounted on /tmp/mnt/ST4T.
May  5 13:05:38 asusware: umount partition /dev/sda1...
May  5 13:05:38 disk_monitor: unmount partition
May  5 13:05:38 custom_script: Running /jffs/scripts/unmount (args: /tmp/mnt/ST4T)
May  5 13:05:39 miniupnpd[2487]: HTTP listening on port 51944
May  5 13:05:39 miniupnpd[2487]: Listening for NAT-PMP/PCP traffic on port 5351
May  5 13:05:39 hotplug: USB partition unmounted from /tmp/mnt/ST4T
May  5 13:05:39 asusware: Automatically scan partition /dev/sda1...
May  5 13:05:39 disk_monitor: scan partition
May  5 13:05:41 WAN_Connection: WAN was restored.
May  5 13:05:42 kernel: SHN Release Version: 2.0.1 21224-01
May  5 13:05:42 kernel: UDB Core Version: 0.2.20
May  5 13:05:43 kernel: Registered DNS Req parsing
May  5 13:05:43 kernel: sizeof forward pkt param = 280
May  5 13:05:43 BWDPI: fun bitmap = 43f
May  5 13:05:43 admin: []-[ks-nat-start.sh]: /koolshare/init.d/N99shadowsocks.sh start_nat
May  5 13:05:44 rc_service: service 3113:notify_rc restart_dnsmasq
May  5 13:05:45 rc_service: dhcp6c 2450:notify_rc stop_ntpd
May  5 13:05:45 rc_service: dhcp6c 2450:notify_rc start_ntpd
May  5 13:05:45 rc_service: waitting "stop_ntpd" via dhcp6c ...
May  5 13:05:45 ntpd: Stopped ntpd
May  5 13:05:46 custom_script: Running /jffs/scripts/nat-start
May  5 13:05:46 admin: []-[ks-nat-start.sh]: /koolshare/init.d/N99rustdesk.sh start_nat
May  5 13:05:46 admin: [-NAT]: RustDesk Server
May  5 13:05:46 miniupnpd[2487]: SendNATPMPPublicAddressChangeNotification: cannot get public IP address, stopping
May  5 13:05:46 rc_service: udhcpc_wan 2124:notify_rc stop_samba
May  5 13:05:46 rc_service: udhcpc_wan 2124:notify_rc start_samba
May  5 13:05:46 rc_service: waitting "stop_samba" via udhcpc_wan ...
May  5 13:05:46 wsdd2[2037]: Terminated received.
May  5 13:05:46 Samba_Server: smb daemon is stopped
May  5 13:05:46 ntpd: Started ntpd
May  5 13:05:46 ddns: update WWW.ASUS.COM updatev2@asus.com, wan_unit 0
May  5 13:05:46 ddns: Clear ddns cache.
May  5 13:05:46 rc_service: dhcp6c 2450:notify_rc restart_telnetd
May  5 13:05:47 dhcp_client: bound 192.168.1.11/255.255.255.0 via 192.168.1.1 for 86400 seconds.
May  5 13:05:47 Samba_Server: daemon is started
May  5 13:05:48 cfg_server: cm_updateChanspec call wl_chanspec_changed_action
May  5 13:05:48 cfg_server:  event: wl_chanspec_changed_action_a101 of eid(0) of cfgs(2070)
May  5 13:05:48 cfg_server: current chansp(unit0) is 1803
May  5 13:05:48 cfg_server: current chansp(unit1) is e09b
May  5 13:05:48 cfg_server: dump exclchans:
May  5 13:05:48 cfg_server: old wl0_acs_excl_chans:
May  5 13:05:48 cfg_server: new wl0_acs_excl_chans:0x100c,0x100d
May  5 13:05:48 cfg_server: old wl1_acs_excl_chans:0xd034,0xd038,0xd03c,0xd040,0xd836,0xd936,0xd83e,0xd93e,0xe03a,0xe13a,0xe23a,0xe33a,0xec32,0xed32,0xee32,0xef32,0xd0a5
May  5 13:05:48 cfg_server: new wl1_acs_excl_chans:0xd034,0xd038,0xd03c,0xd040,0xd836,0xd936,0xd83e,0xd93e,0xe03a,0xe13a,0xe23a,0xe33a,0xec32,0xed32,0xee32,0xef32,0xd0a5
May  5 13:05:48 cfg_server:  wl_chanspec_changed_action: Need to restart acsd for AVBL update, static5G=0
May  5 13:05:48 rc_service: cfg_server 2070:notify_rc restart_acsd
May  5 13:05:48 acsd: eth6: Selecting 2g band ACS policy
May  5 13:05:49 watchdog: NTP time not sync, exit DDNS Retry.
May  5 13:05:52 admin: [-]: RustDesk Server
May  5 13:05:52 admin: []-[ks-wan-start.sh]: /koolshare/init.d/S99shadowsocks.sh start
May  5 13:05:52 acsd: eth6: selected channel spec: 0x1007 (7)
May  5 13:05:52 acsd: eth6: Adjusted channel spec: 0x1007 (7)
May  5 13:05:52 acsd: eth6: selected channel spec: 0x1007 (7)
May  5 13:05:52 acsd: acs_set_chspec: 0x1007 (7) for reason APCS_INIT
May  5 13:05:52 acsd: eth7: Selecting 5g band ACS policy
May  5 13:05:53 wlceventd: wlceventd_proc_event(685): wl0.2: Auth 54:48:E6:D0:37:7B, status: Successful (0), rssi:0
May  5 13:05:53 wlceventd: wlceventd_proc_event(722): wl0.2: Assoc 54:48:E6:D0:37:7B, status: Successful (0), rssi:-41
May  5 13:05:53 asusware: re-mount partition /dev/sda1...
May  5 13:05:53 disk_monitor: re-mount partition
May  5 13:05:53 wlceventd: wlceventd_proc_event(685): wl0.2: Auth 54:48:E6:5C:0F:FB, status: Successful (0), rssi:0
May  5 13:05:53 wlceventd: wlceventd_proc_event(722): wl0.2: Assoc 54:48:E6:5C:0F:FB, status: Successful (0), rssi:-59
May  5 13:05:54 rc_service: service 4604:notify_rc restart_dnsmasq
May  5 13:05:54 admin: []: 
May  5 13:05:54 usb: USB ntfs fs at /dev/sda1 mounted on /tmp/mnt/ST4T.
May  5 13:05:54 asusware: done.
May  5 13:05:54 disk_monitor: done
May  5 13:05:55 rc_service: service 5015:notify_rc restart_dnsmasq
May  5 13:05:55 rc_service: waitting "restart_dnsmasq" via  ...
May  5 13:05:55 acsd: acs_candidate_score_intf(1112): eth7: intf check failed for chanspec: 0xe832 (36/160)
May  5 13:05:55 acsd: acs_candidate_score_bgnoise(1577): eth7: bgnoise check failed for chanspec: 0xe832 (36/160)
May  5 13:05:55 acsd: acs_candidate_score_txop(1835): eth7: txop check failed for chanspec: 0xe832 (36/160)
May  5 13:05:55 acsd: acs_candidate_score_intf(1112): eth7: intf check failed for chanspec: 0xe932 (40/160)
May  5 13:05:55 acsd: acs_candidate_score_bgnoise(1577): eth7: bgnoise check failed for chanspec: 0xe932 (40/160)
May  5 13:05:55 acsd: acs_candidate_score_txop(1835): eth7: txop check failed for chanspec: 0xe932 (40/160)
May  5 13:05:55 acsd: acs_candidate_score_intf(1112): eth7: intf check failed for chanspec: 0xea32 (44/160)
May  5 13:05:55 acsd: acs_candidate_score_bgnoise(1577): eth7: bgnoise check failed for chanspec: 0xea32 (44/160)
May  5 13:05:55 acsd: acs_candidate_score_txop(1835): eth7: txop check failed for chanspec: 0xea32 (44/160)
May  5 13:05:55 acsd: acs_candidate_score_intf(1112): eth7: intf check failed for chanspec: 0xeb32 (48/160)
May  5 13:05:55 acsd: acs_candidate_score_bgnoise(1577): eth7: bgnoise check failed for chanspec: 0xeb32 (48/160)
May  5 13:05:55 acsd: acs_candidate_score_txop(1835): eth7: txop check failed for chanspec: 0xeb32 (48/160)
May  5 13:05:55 acsd: eth7: selected channel spec: 0xe832 (36/160)
May  5 13:05:55 acsd: eth7: Adjusted channel spec: 0xe832 (36/160)
May  5 13:05:55 acsd: eth7: selected channel spec: 0xe832 (36/160)
May  5 13:05:55 acsd: acs_set_chspec: 0xe832 (36/160) for reason APCS_INIT
May  5 13:05:57 admin:  sh /opt/S50asuslighttpd.1 start
May  5 13:05:58 admin: []-[ks-nat-start.sh]: /koolshare/init.d/N99shadowsocks.sh start_nat
May  5 13:05:59 rc_service: service 6131:notify_rc restart_dnsmasq
May  5 13:06:01 admin:  sh /opt/S50downloadmaster.1 start
May  5 13:06:04 rc_service: service 7117:notify_rc restart_dnsmasq
May  5 13:06:05 kernel: wl0: random key value: 321602A58F619E5874310276C2E7AB2D8F5F305DF2620B5ACB44592A0CC0A1FC
May  5 13:06:05 wlceventd: wlceventd_proc_event(645): wl0.2: Deauth_ind 5C:E5:0C:32:B1:7D, status: 0, reason: Unspecified reason (1), rssi:0
